2024-06-06 13:00:32.775 [ background-preinit ] - [ INFO  ] [ org.hibernate.validator.internal.util.Version : 21 ] - HV000001: Hibernate Validator 6.2.5.Final
2024-06-06 13:00:32.786 [ main ] - [ INFO  ] [ com.lfj.blog.WebBasicApplication : 55 ] - Starting WebBasicApplication using Java 1.8.0_333 on Vicissitudes with PID 54096 (C:\Users\16658\Documents\GitHub\blog-back-end\blog-springboot2\blog\target\classes started by 16658 in C:\Users\16658\Documents\GitHub\blog-back-end\blog-springboot2\blog)
2024-06-06 13:00:32.786 [ main ] - [ INFO  ] [ com.lfj.blog.WebBasicApplication : 637 ] - The following 1 profile is active: "prod"
2024-06-06 13:00:34.382 [ main ] - [ INFO  ] [ o.s.d.r.config.RepositoryConfigurationDelegate : 262 ] - Multiple Spring Data modules found, entering strict repository configuration mode
2024-06-06 13:00:34.387 [ main ] - [ INFO  ] [ o.s.d.r.config.RepositoryConfigurationDelegate : 132 ] - Bootstrapping Spring Data Redis repositories in DEFAULT mode.
2024-06-06 13:00:34.439 [ main ] - [ INFO  ] [ o.s.d.r.config.RepositoryConfigurationDelegate : 201 ] - Finished Spring Data repository scanning in 36 ms. Found 0 Redis repository interfaces.
2024-06-06 13:00:34.778 [ main ] - [ INFO  ] [ c.u.j.c.EnableEncryptablePropertiesBeanFactoryPostProcessor : 50 ] - Post-processing PropertySource instances
2024-06-06 13:00:34.890 [ main ] - [ INFO  ] [ c.u.j.EncryptablePropertySourceConverter : 38 ] - Converting PropertySource configurationProperties [org.springframework.boot.context.properties.source.ConfigurationPropertySourcesPropertySource] to AOP Proxy
2024-06-06 13:00:34.892 [ main ] - [ INFO  ] [ c.u.j.EncryptablePropertySourceConverter : 38 ] - Converting PropertySource servletConfigInitParams [org.springframework.core.env.PropertySource$StubPropertySource] to EncryptablePropertySourceWrapper
2024-06-06 13:00:34.893 [ main ] - [ INFO  ] [ c.u.j.EncryptablePropertySourceConverter : 38 ] - Converting PropertySource servletContextInitParams [org.springframework.core.env.PropertySource$StubPropertySource] to EncryptablePropertySourceWrapper
2024-06-06 13:00:34.893 [ main ] - [ INFO  ] [ c.u.j.EncryptablePropertySourceConverter : 38 ] - Converting PropertySource systemProperties [org.springframework.core.env.PropertiesPropertySource] to EncryptableMapPropertySourceWrapper
2024-06-06 13:00:34.893 [ main ] - [ INFO  ] [ c.u.j.EncryptablePropertySourceConverter : 38 ] - Converting PropertySource systemEnvironment [org.springframework.boot.env.SystemEnvironmentPropertySourceEnvironmentPostProcessor$OriginAwareSystemEnvironmentPropertySource] to EncryptableMapPropertySourceWrapper
2024-06-06 13:00:34.894 [ main ] - [ INFO  ] [ c.u.j.EncryptablePropertySourceConverter : 38 ] - Converting PropertySource random [org.springframework.boot.env.RandomValuePropertySource] to EncryptablePropertySourceWrapper
2024-06-06 13:00:34.894 [ main ] - [ INFO  ] [ c.u.j.EncryptablePropertySourceConverter : 38 ] - Converting PropertySource Config resource 'class path resource [application-prod.yml]' via location 'optional:classpath:/' [org.springframework.boot.env.OriginTrackedMapPropertySource] to EncryptableMapPropertySourceWrapper
2024-06-06 13:00:34.894 [ main ] - [ INFO  ] [ c.u.j.EncryptablePropertySourceConverter : 38 ] - Converting PropertySource Config resource 'class path resource [application.yml]' via location 'optional:classpath:/' [org.springframework.boot.env.OriginTrackedMapPropertySource] to EncryptableMapPropertySourceWrapper
2024-06-06 13:00:34.982 [ main ] - [ INFO  ] [ c.u.j.filter.DefaultLazyPropertyFilter : 31 ] - Property Filter custom Bean not found with name 'encryptablePropertyFilter'. Initializing Default Property Filter
2024-06-06 13:00:35.310 [ main ] - [ INFO  ] [ c.u.j.resolver.DefaultLazyPropertyResolver : 31 ] - Property Resolver custom Bean not found with name 'encryptablePropertyResolver'. Initializing Default Property Resolver
2024-06-06 13:00:35.312 [ main ] - [ INFO  ] [ c.u.j.detector.DefaultLazyPropertyDetector : 30 ] - Property Detector custom Bean not found with name 'encryptablePropertyDetector'. Initializing Default Property Detector
2024-06-06 13:00:35.315 [ main ] - [ INFO  ] [ o.s.c.s.PostProcessorRegistrationDelegate$BeanPostProcessorChecker : 376 ] - Bean 'socketIoProperties' of type [com.lfj.blog.common.chatSocketio.config.SocketIoProperties] is not eligible for getting processed by all BeanPostProcessors (for example: not eligible for auto-proxying)
2024-06-06 13:00:35.317 [ main ] - [ INFO  ] [ o.s.c.s.PostProcessorRegistrationDelegate$BeanPostProcessorChecker : 376 ] - Bean 'socketIoConfig' of type [com.lfj.blog.common.chatSocketio.config.SocketIoConfig$$EnhancerBySpringCGLIB$$a344da82] is not eligible for getting processed by all BeanPostProcessors (for example: not eligible for auto-proxying)
2024-06-06 13:00:35.386 [ main ] - [ INFO  ] [ o.s.c.s.PostProcessorRegistrationDelegate$BeanPostProcessorChecker : 376 ] - Bean 'socketIOServer' of type [com.corundumstudio.socketio.SocketIOServer] is not eligible for getting processed by all BeanPostProcessors (for example: not eligible for auto-proxying)
2024-06-06 13:00:35.735 [ main ] - [ INFO  ] [ o.s.boot.web.embedded.tomcat.TomcatWebServer : 108 ] - Tomcat initialized with port(s): 9090 (http)
2024-06-06 13:00:35.746 [ main ] - [ INFO  ] [ org.apache.coyote.http11.Http11NioProtocol : 173 ] - Initializing ProtocolHandler ["http-nio-9090"]
2024-06-06 13:00:35.747 [ main ] - [ INFO  ] [ org.apache.catalina.core.StandardService : 173 ] - Starting service [Tomcat]
2024-06-06 13:00:35.747 [ main ] - [ INFO  ] [ org.apache.catalina.core.StandardEngine : 173 ] - Starting Servlet engine: [Apache Tomcat/9.0.69]
2024-06-06 13:00:35.986 [ main ] - [ INFO  ] [ o.a.c.core.ContainerBase.[Tomcat].[localhost].[/] : 173 ] - Initializing Spring embedded WebApplicationContext
2024-06-06 13:00:35.986 [ main ] - [ INFO  ] [ o.s.b.w.s.c.ServletWebServerApplicationContext : 292 ] - Root WebApplicationContext: initialization completed in 3150 ms
2024-06-06 13:00:36.112 [ main ] - [ INFO  ] [ c.u.j.encryptor.DefaultLazyEncryptor : 32 ] - String Encryptor custom Bean not found with name 'jasyptStringEncryptor'. Initializing Default String Encryptor
2024-06-06 13:00:36.118 [ main ] - [ INFO  ] [ c.u.j.encryptor.DefaultLazyEncryptor : 58 ] - Encryptor config not found for property jasypt.encryptor.keyObtentionIterations, using default value: 1000
2024-06-06 13:00:36.119 [ main ] - [ INFO  ] [ c.u.j.encryptor.DefaultLazyEncryptor : 58 ] - Encryptor config not found for property jasypt.encryptor.providerName, using default value: null
2024-06-06 13:00:36.119 [ main ] - [ INFO  ] [ c.u.j.encryptor.DefaultLazyEncryptor : 58 ] - Encryptor config not found for property jasypt.encryptor.providerClassName, using default value: null
2024-06-06 13:00:36.119 [ main ] - [ INFO  ] [ c.u.j.encryptor.DefaultLazyEncryptor : 58 ] - Encryptor config not found for property jasypt.encryptor.saltGeneratorClassname, using default value: org.jasypt.salt.RandomSaltGenerator
2024-06-06 13:00:36.120 [ main ] - [ INFO  ] [ c.u.j.encryptor.DefaultLazyEncryptor : 58 ] - Encryptor config not found for property jasypt.encryptor.stringOutputType, using default value: base64
2024-06-06 13:00:36.688 [ main ] - [ INFO  ] [ org.redisson.Version : 41 ] - Redisson 3.17.0
2024-06-06 13:00:37.800 [ redisson-netty-2-8 ] - [ INFO  ] [ o.r.connection.pool.MasterPubSubConnectionPool : 161 ] - 1 connections initialized for 101.37.165.220/101.37.165.220:6379
2024-06-06 13:00:37.924 [ redisson-netty-2-19 ] - [ INFO  ] [ org.redisson.connection.pool.MasterConnectionPool : 161 ] - 24 connections initialized for 101.37.165.220/101.37.165.220:6379
2024-06-06 13:00:39.218 [ main ] - [ INFO  ] [ c.c.socketio.annotation.SpringAnnotationScanner : 58 ] - chatMessageEventHandler bean listeners added
2024-06-06 13:00:39.463 [ main ] - [ INFO  ] [ c.lfj.blog.common.limiter.aspect.RateLimiterAspect : 79 ] - RateLimterAspect[分布式限流处理器]脚本加载完成
2024-06-06 13:00:39.551 [ main ] - [ WARN  ] [ org.thymeleaf.templatemode.TemplateMode : 150 ] - [THYMELEAF][main] Template Mode 'HTML5' is deprecated. Using Template Mode 'HTML' instead.
2024-06-06 13:00:40.974 [ main ] - [ INFO  ] [ o.s.b.actuate.endpoint.web.EndpointLinksResolver : 58 ] - Exposing 1 endpoint(s) beneath base path '/actuator'
2024-06-06 13:00:41.223 [ main ] - [ WARN  ] [ o.s.s.config.annotation.web.builders.WebSecurity : 305 ] - You are asking Spring Security to ignore Ant [pattern='/*.html', GET]. This is not recommended -- please use permitAll via HttpSecurity#authorizeHttpRequests instead.
2024-06-06 13:00:41.224 [ main ] - [ INFO  ] [ o.s.security.web.DefaultSecurityFilterChain : 52 ] - Will not secure Ant [pattern='/*.html', GET]
2024-06-06 13:00:41.224 [ main ] - [ WARN  ] [ o.s.s.config.annotation.web.builders.WebSecurity : 305 ] - You are asking Spring Security to ignore Ant [pattern='/favicon.ico', GET]. This is not recommended -- please use permitAll via HttpSecurity#authorizeHttpRequests instead.
2024-06-06 13:00:41.225 [ main ] - [ INFO  ] [ o.s.security.web.DefaultSecurityFilterChain : 52 ] - Will not secure Ant [pattern='/favicon.ico', GET]
2024-06-06 13:00:41.225 [ main ] - [ WARN  ] [ o.s.s.config.annotation.web.builders.WebSecurity : 305 ] - You are asking Spring Security to ignore Ant [pattern='/**/*.html', GET]. This is not recommended -- please use permitAll via HttpSecurity#authorizeHttpRequests instead.
2024-06-06 13:00:41.225 [ main ] - [ INFO  ] [ o.s.security.web.DefaultSecurityFilterChain : 52 ] - Will not secure Ant [pattern='/**/*.html', GET]
2024-06-06 13:00:41.225 [ main ] - [ WARN  ] [ o.s.s.config.annotation.web.builders.WebSecurity : 305 ] - You are asking Spring Security to ignore Ant [pattern='/**/*.css', GET]. This is not recommended -- please use permitAll via HttpSecurity#authorizeHttpRequests instead.
2024-06-06 13:00:41.225 [ main ] - [ INFO  ] [ o.s.security.web.DefaultSecurityFilterChain : 52 ] - Will not secure Ant [pattern='/**/*.css', GET]
2024-06-06 13:00:41.225 [ main ] - [ WARN  ] [ o.s.s.config.annotation.web.builders.WebSecurity : 305 ] - You are asking Spring Security to ignore Ant [pattern='/**/*.js', GET]. This is not recommended -- please use permitAll via HttpSecurity#authorizeHttpRequests instead.
2024-06-06 13:00:41.225 [ main ] - [ INFO  ] [ o.s.security.web.DefaultSecurityFilterChain : 52 ] - Will not secure Ant [pattern='/**/*.js', GET]
2024-06-06 13:00:41.311 [ main ] - [ INFO  ] [ o.s.security.web.DefaultSecurityFilterChain : 55 ] - Will secure any request with [org.springframework.security.web.session.DisableEncodeUrlFilter@574327ed, org.springframework.security.web.context.request.async.WebAsyncManagerIntegrationFilter@4c7f2fdb, org.springframework.security.web.context.SecurityContextPersistenceFilter@4f22fd5d, org.springframework.security.web.header.HeaderWriterFilter@1a947424, org.springframework.web.filter.CorsFilter@1b5cf611, org.springframework.security.web.authentication.logout.LogoutFilter@3e73f5e7, com.lfj.blog.common.security.filter.AuthorizationTokenFilter@5501d1c8, org.springframework.security.web.savedrequest.RequestCacheAwareFilter@44587c44, org.springframework.security.web.servletapi.SecurityContextHolderAwareRequestFilter@2c4eae94, org.springframework.security.web.authentication.AnonymousAuthenticationFilter@3d01ea33, org.springframework.security.web.session.SessionManagementFilter@f6cde7e, org.springframework.security.web.access.ExceptionTranslationFilter@20960b51, org.springframework.security.web.access.intercept.FilterSecurityInterceptor@3ff53704]
2024-06-06 13:00:41.944 [ main ] - [ INFO  ] [ org.apache.coyote.http11.Http11NioProtocol : 173 ] - Starting ProtocolHandler ["http-nio-9090"]
2024-06-06 13:00:41.954 [ main ] - [ INFO  ] [ o.s.boot.web.embedded.tomcat.TomcatWebServer : 220 ] - Tomcat started on port(s): 9090 (http) with context path ''
2024-06-06 13:00:41.970 [ main ] - [ INFO  ] [ com.lfj.blog.WebBasicApplication : 61 ] - Started WebBasicApplication in 9.75 seconds (JVM running for 11.103)
2024-06-06 13:00:41.976 [ main ] - [ INFO  ] [ com.corundumstudio.socketio.SocketIOServer : 146 ] - Session store / pubsub factory used: MemoryStoreFactory (local session store only)
2024-06-06 13:00:42.137 [ nioEventLoopGroup-7-1 ] - [ INFO  ] [ com.corundumstudio.socketio.SocketIOServer : 171 ] - SocketIO server started at port: 9974
2024-06-06 13:00:42.986 [ RMI TCP Connection(2)-10.1.166.162 ] - [ INFO  ] [ o.a.c.core.ContainerBase.[Tomcat].[localhost].[/] : 173 ] - Initializing Spring DispatcherServlet 'dispatcherServlet'
2024-06-06 13:00:42.986 [ RMI TCP Connection(2)-10.1.166.162 ] - [ INFO  ] [ org.springframework.web.servlet.DispatcherServlet : 525 ] - Initializing Servlet 'dispatcherServlet'
2024-06-06 13:00:42.987 [ RMI TCP Connection(3)-10.1.166.162 ] - [ INFO  ] [ com.zaxxer.hikari.HikariDataSource : 110 ] - HikariPool-1 - Starting...
2024-06-06 13:00:42.989 [ RMI TCP Connection(2)-10.1.166.162 ] - [ INFO  ] [ org.springframework.web.servlet.DispatcherServlet : 547 ] - Completed initialization in 2 ms
2024-06-06 13:00:44.145 [ RMI TCP Connection(3)-10.1.166.162 ] - [ INFO  ] [ com.zaxxer.hikari.HikariDataSource : 123 ] - HikariPool-1 - Start completed.
2024-06-06 13:23:44.436 [ background-preinit ] - [ INFO  ] [ org.hibernate.validator.internal.util.Version : 21 ] - HV000001: Hibernate Validator 6.2.5.Final
2024-06-06 13:23:44.448 [ main ] - [ INFO  ] [ com.lfj.blog.WebBasicApplication : 55 ] - Starting WebBasicApplication using Java 1.8.0_333 on Vicissitudes with PID 90780 (C:\Users\16658\Documents\GitHub\blog-back-end\blog-springboot2\blog\target\classes started by 16658 in C:\Users\16658\Documents\GitHub\blog-back-end\blog-springboot2\blog)
2024-06-06 13:23:44.449 [ main ] - [ INFO  ] [ com.lfj.blog.WebBasicApplication : 637 ] - The following 1 profile is active: "prod"
2024-06-06 13:23:46.021 [ main ] - [ INFO  ] [ o.s.d.r.config.RepositoryConfigurationDelegate : 262 ] - Multiple Spring Data modules found, entering strict repository configuration mode
2024-06-06 13:23:46.025 [ main ] - [ INFO  ] [ o.s.d.r.config.RepositoryConfigurationDelegate : 132 ] - Bootstrapping Spring Data Redis repositories in DEFAULT mode.
2024-06-06 13:23:46.080 [ main ] - [ INFO  ] [ o.s.d.r.config.RepositoryConfigurationDelegate : 201 ] - Finished Spring Data repository scanning in 39 ms. Found 0 Redis repository interfaces.
2024-06-06 13:23:46.393 [ main ] - [ INFO  ] [ c.u.j.c.EnableEncryptablePropertiesBeanFactoryPostProcessor : 50 ] - Post-processing PropertySource instances
2024-06-06 13:23:46.491 [ main ] - [ INFO  ] [ c.u.j.EncryptablePropertySourceConverter : 38 ] - Converting PropertySource configurationProperties [org.springframework.boot.context.properties.source.ConfigurationPropertySourcesPropertySource] to AOP Proxy
2024-06-06 13:23:46.493 [ main ] - [ INFO  ] [ c.u.j.EncryptablePropertySourceConverter : 38 ] - Converting PropertySource servletConfigInitParams [org.springframework.core.env.PropertySource$StubPropertySource] to EncryptablePropertySourceWrapper
2024-06-06 13:23:46.493 [ main ] - [ INFO  ] [ c.u.j.EncryptablePropertySourceConverter : 38 ] - Converting PropertySource servletContextInitParams [org.springframework.core.env.PropertySource$StubPropertySource] to EncryptablePropertySourceWrapper
2024-06-06 13:23:46.493 [ main ] - [ INFO  ] [ c.u.j.EncryptablePropertySourceConverter : 38 ] - Converting PropertySource systemProperties [org.springframework.core.env.PropertiesPropertySource] to EncryptableMapPropertySourceWrapper
2024-06-06 13:23:46.493 [ main ] - [ INFO  ] [ c.u.j.EncryptablePropertySourceConverter : 38 ] - Converting PropertySource systemEnvironment [org.springframework.boot.env.SystemEnvironmentPropertySourceEnvironmentPostProcessor$OriginAwareSystemEnvironmentPropertySource] to EncryptableMapPropertySourceWrapper
2024-06-06 13:23:46.494 [ main ] - [ INFO  ] [ c.u.j.EncryptablePropertySourceConverter : 38 ] - Converting PropertySource random [org.springframework.boot.env.RandomValuePropertySource] to EncryptablePropertySourceWrapper
2024-06-06 13:23:46.494 [ main ] - [ INFO  ] [ c.u.j.EncryptablePropertySourceConverter : 38 ] - Converting PropertySource Config resource 'class path resource [application-prod.yml]' via location 'optional:classpath:/' [org.springframework.boot.env.OriginTrackedMapPropertySource] to EncryptableMapPropertySourceWrapper
2024-06-06 13:23:46.494 [ main ] - [ INFO  ] [ c.u.j.EncryptablePropertySourceConverter : 38 ] - Converting PropertySource Config resource 'class path resource [application.yml]' via location 'optional:classpath:/' [org.springframework.boot.env.OriginTrackedMapPropertySource] to EncryptableMapPropertySourceWrapper
2024-06-06 13:23:46.561 [ main ] - [ INFO  ] [ c.u.j.filter.DefaultLazyPropertyFilter : 31 ] - Property Filter custom Bean not found with name 'encryptablePropertyFilter'. Initializing Default Property Filter
2024-06-06 13:23:46.811 [ main ] - [ INFO  ] [ c.u.j.resolver.DefaultLazyPropertyResolver : 31 ] - Property Resolver custom Bean not found with name 'encryptablePropertyResolver'. Initializing Default Property Resolver
2024-06-06 13:23:46.812 [ main ] - [ INFO  ] [ c.u.j.detector.DefaultLazyPropertyDetector : 30 ] - Property Detector custom Bean not found with name 'encryptablePropertyDetector'. Initializing Default Property Detector
2024-06-06 13:23:46.815 [ main ] - [ INFO  ] [ o.s.c.s.PostProcessorRegistrationDelegate$BeanPostProcessorChecker : 376 ] - Bean 'socketIoProperties' of type [com.lfj.blog.common.chatSocketio.config.SocketIoProperties] is not eligible for getting processed by all BeanPostProcessors (for example: not eligible for auto-proxying)
2024-06-06 13:23:46.818 [ main ] - [ INFO  ] [ o.s.c.s.PostProcessorRegistrationDelegate$BeanPostProcessorChecker : 376 ] - Bean 'socketIoConfig' of type [com.lfj.blog.common.chatSocketio.config.SocketIoConfig$$EnhancerBySpringCGLIB$$1df8cc94] is not eligible for getting processed by all BeanPostProcessors (for example: not eligible for auto-proxying)
2024-06-06 13:23:46.881 [ main ] - [ INFO  ] [ o.s.c.s.PostProcessorRegistrationDelegate$BeanPostProcessorChecker : 376 ] - Bean 'socketIOServer' of type [com.corundumstudio.socketio.SocketIOServer] is not eligible for getting processed by all BeanPostProcessors (for example: not eligible for auto-proxying)
2024-06-06 13:23:47.205 [ main ] - [ INFO  ] [ o.s.boot.web.embedded.tomcat.TomcatWebServer : 108 ] - Tomcat initialized with port(s): 9090 (http)
2024-06-06 13:23:47.217 [ main ] - [ INFO  ] [ org.apache.coyote.http11.Http11NioProtocol : 173 ] - Initializing ProtocolHandler ["http-nio-9090"]
2024-06-06 13:23:47.218 [ main ] - [ INFO  ] [ org.apache.catalina.core.StandardService : 173 ] - Starting service [Tomcat]
2024-06-06 13:23:47.218 [ main ] - [ INFO  ] [ org.apache.catalina.core.StandardEngine : 173 ] - Starting Servlet engine: [Apache Tomcat/9.0.69]
2024-06-06 13:23:47.437 [ main ] - [ INFO  ] [ o.a.c.core.ContainerBase.[Tomcat].[localhost].[/] : 173 ] - Initializing Spring embedded WebApplicationContext
2024-06-06 13:23:47.438 [ main ] - [ INFO  ] [ o.s.b.w.s.c.ServletWebServerApplicationContext : 292 ] - Root WebApplicationContext: initialization completed in 2936 ms
2024-06-06 13:23:47.531 [ main ] - [ INFO  ] [ c.u.j.encryptor.DefaultLazyEncryptor : 32 ] - String Encryptor custom Bean not found with name 'jasyptStringEncryptor'. Initializing Default String Encryptor
2024-06-06 13:23:47.537 [ main ] - [ INFO  ] [ c.u.j.encryptor.DefaultLazyEncryptor : 58 ] - Encryptor config not found for property jasypt.encryptor.keyObtentionIterations, using default value: 1000
2024-06-06 13:23:47.538 [ main ] - [ INFO  ] [ c.u.j.encryptor.DefaultLazyEncryptor : 58 ] - Encryptor config not found for property jasypt.encryptor.providerName, using default value: null
2024-06-06 13:23:47.538 [ main ] - [ INFO  ] [ c.u.j.encryptor.DefaultLazyEncryptor : 58 ] - Encryptor config not found for property jasypt.encryptor.providerClassName, using default value: null
2024-06-06 13:23:47.538 [ main ] - [ INFO  ] [ c.u.j.encryptor.DefaultLazyEncryptor : 58 ] - Encryptor config not found for property jasypt.encryptor.saltGeneratorClassname, using default value: org.jasypt.salt.RandomSaltGenerator
2024-06-06 13:23:47.540 [ main ] - [ INFO  ] [ c.u.j.encryptor.DefaultLazyEncryptor : 58 ] - Encryptor config not found for property jasypt.encryptor.stringOutputType, using default value: base64
2024-06-06 13:23:48.124 [ main ] - [ INFO  ] [ org.redisson.Version : 41 ] - Redisson 3.17.0
2024-06-06 13:23:49.221 [ redisson-netty-2-4 ] - [ INFO  ] [ o.r.connection.pool.MasterPubSubConnectionPool : 161 ] - 1 connections initialized for 101.37.165.220/101.37.165.220:6379
2024-06-06 13:23:49.341 [ redisson-netty-2-18 ] - [ INFO  ] [ org.redisson.connection.pool.MasterConnectionPool : 161 ] - 24 connections initialized for 101.37.165.220/101.37.165.220:6379
2024-06-06 13:23:50.966 [ main ] - [ INFO  ] [ c.c.socketio.annotation.SpringAnnotationScanner : 58 ] - chatMessageEventHandler bean listeners added
2024-06-06 13:23:51.246 [ main ] - [ INFO  ] [ c.lfj.blog.common.limiter.aspect.RateLimiterAspect : 79 ] - RateLimterAspect[分布式限流处理器]脚本加载完成
2024-06-06 13:23:51.349 [ main ] - [ WARN  ] [ org.thymeleaf.templatemode.TemplateMode : 150 ] - [THYMELEAF][main] Template Mode 'HTML5' is deprecated. Using Template Mode 'HTML' instead.
2024-06-06 13:23:52.793 [ main ] - [ INFO  ] [ o.s.b.actuate.endpoint.web.EndpointLinksResolver : 58 ] - Exposing 1 endpoint(s) beneath base path '/actuator'
2024-06-06 13:23:53.061 [ main ] - [ WARN  ] [ o.s.s.config.annotation.web.builders.WebSecurity : 305 ] - You are asking Spring Security to ignore Ant [pattern='/*.html', GET]. This is not recommended -- please use permitAll via HttpSecurity#authorizeHttpRequests instead.
2024-06-06 13:23:53.063 [ main ] - [ INFO  ] [ o.s.security.web.DefaultSecurityFilterChain : 52 ] - Will not secure Ant [pattern='/*.html', GET]
2024-06-06 13:23:53.064 [ main ] - [ WARN  ] [ o.s.s.config.annotation.web.builders.WebSecurity : 305 ] - You are asking Spring Security to ignore Ant [pattern='/favicon.ico', GET]. This is not recommended -- please use permitAll via HttpSecurity#authorizeHttpRequests instead.
2024-06-06 13:23:53.064 [ main ] - [ INFO  ] [ o.s.security.web.DefaultSecurityFilterChain : 52 ] - Will not secure Ant [pattern='/favicon.ico', GET]
2024-06-06 13:23:53.064 [ main ] - [ WARN  ] [ o.s.s.config.annotation.web.builders.WebSecurity : 305 ] - You are asking Spring Security to ignore Ant [pattern='/**/*.html', GET]. This is not recommended -- please use permitAll via HttpSecurity#authorizeHttpRequests instead.
2024-06-06 13:23:53.064 [ main ] - [ INFO  ] [ o.s.security.web.DefaultSecurityFilterChain : 52 ] - Will not secure Ant [pattern='/**/*.html', GET]
2024-06-06 13:23:53.064 [ main ] - [ WARN  ] [ o.s.s.config.annotation.web.builders.WebSecurity : 305 ] - You are asking Spring Security to ignore Ant [pattern='/**/*.css', GET]. This is not recommended -- please use permitAll via HttpSecurity#authorizeHttpRequests instead.
2024-06-06 13:23:53.064 [ main ] - [ INFO  ] [ o.s.security.web.DefaultSecurityFilterChain : 52 ] - Will not secure Ant [pattern='/**/*.css', GET]
2024-06-06 13:23:53.065 [ main ] - [ WARN  ] [ o.s.s.config.annotation.web.builders.WebSecurity : 305 ] - You are asking Spring Security to ignore Ant [pattern='/**/*.js', GET]. This is not recommended -- please use permitAll via HttpSecurity#authorizeHttpRequests instead.
2024-06-06 13:23:53.065 [ main ] - [ INFO  ] [ o.s.security.web.DefaultSecurityFilterChain : 52 ] - Will not secure Ant [pattern='/**/*.js', GET]
2024-06-06 13:23:53.169 [ main ] - [ INFO  ] [ o.s.security.web.DefaultSecurityFilterChain : 55 ] - Will secure any request with [org.springframework.security.web.session.DisableEncodeUrlFilter@5f65e0c0, org.springframework.security.web.context.request.async.WebAsyncManagerIntegrationFilter@566cc6af, org.springframework.security.web.context.SecurityContextPersistenceFilter@103e9972, org.springframework.security.web.header.HeaderWriterFilter@5eef8a16, org.springframework.web.filter.CorsFilter@d70dbeb, org.springframework.security.web.authentication.logout.LogoutFilter@4c114687, com.lfj.blog.common.security.filter.AuthorizationTokenFilter@95cecc5, org.springframework.security.web.savedrequest.RequestCacheAwareFilter@4f22fd5d, org.springframework.security.web.servletapi.SecurityContextHolderAwareRequestFilter@6c4d0224, org.springframework.security.web.authentication.AnonymousAuthenticationFilter@7f8f5d37, org.springframework.security.web.session.SessionManagementFilter@2078bf0a, org.springframework.security.web.access.ExceptionTranslationFilter@535be281, org.springframework.security.web.access.intercept.FilterSecurityInterceptor@1614499b]
2024-06-06 13:23:53.956 [ main ] - [ INFO  ] [ org.apache.coyote.http11.Http11NioProtocol : 173 ] - Starting ProtocolHandler ["http-nio-9090"]
2024-06-06 13:23:53.972 [ main ] - [ INFO  ] [ o.s.boot.web.embedded.tomcat.TomcatWebServer : 220 ] - Tomcat started on port(s): 9090 (http) with context path ''
2024-06-06 13:23:53.993 [ main ] - [ INFO  ] [ com.lfj.blog.WebBasicApplication : 61 ] - Started WebBasicApplication in 10.168 seconds (JVM running for 11.355)
2024-06-06 13:23:54.003 [ main ] - [ INFO  ] [ com.corundumstudio.socketio.SocketIOServer : 146 ] - Session store / pubsub factory used: MemoryStoreFactory (local session store only)
2024-06-06 13:23:54.237 [ main ] - [ INFO  ] [ c.l.blog.common.chatSocketio.SocketIoServerRunner : 54 ] - socketIO启动成功
2024-06-06 13:23:54.237 [ nioEventLoopGroup-7-1 ] - [ INFO  ] [ com.corundumstudio.socketio.SocketIOServer : 171 ] - SocketIO server started at port: 9974
2024-06-06 13:23:55.259 [ RMI TCP Connection(5)-10.1.166.162 ] - [ INFO  ] [ o.a.c.core.ContainerBase.[Tomcat].[localhost].[/] : 173 ] - Initializing Spring DispatcherServlet 'dispatcherServlet'
2024-06-06 13:23:55.259 [ RMI TCP Connection(5)-10.1.166.162 ] - [ INFO  ] [ org.springframework.web.servlet.DispatcherServlet : 525 ] - Initializing Servlet 'dispatcherServlet'
2024-06-06 13:23:55.260 [ RMI TCP Connection(4)-10.1.166.162 ] - [ INFO  ] [ com.zaxxer.hikari.HikariDataSource : 110 ] - HikariPool-1 - Starting...
2024-06-06 13:23:55.263 [ RMI TCP Connection(5)-10.1.166.162 ] - [ INFO  ] [ org.springframework.web.servlet.DispatcherServlet : 547 ] - Completed initialization in 3 ms
2024-06-06 13:24:03.183 [ RMI TCP Connection(4)-10.1.166.162 ] - [ INFO  ] [ com.zaxxer.hikari.HikariDataSource : 123 ] - HikariPool-1 - Start completed.
2024-06-06 13:26:08.683 [ background-preinit ] - [ INFO  ] [ org.hibernate.validator.internal.util.Version : 21 ] - HV000001: Hibernate Validator 6.2.5.Final
2024-06-06 13:26:08.689 [ main ] - [ INFO  ] [ com.lfj.blog.WebBasicApplication : 55 ] - Starting WebBasicApplication using Java 1.8.0_333 on Vicissitudes with PID 85436 (C:\Users\16658\Documents\GitHub\blog-back-end\blog-springboot2\blog\target\classes started by 16658 in C:\Users\16658\Documents\GitHub\blog-back-end\blog-springboot2\blog)
2024-06-06 13:26:08.689 [ main ] - [ INFO  ] [ com.lfj.blog.WebBasicApplication : 637 ] - The following 1 profile is active: "prod"
2024-06-06 13:26:10.189 [ main ] - [ INFO  ] [ o.s.d.r.config.RepositoryConfigurationDelegate : 262 ] - Multiple Spring Data modules found, entering strict repository configuration mode
2024-06-06 13:26:10.192 [ main ] - [ INFO  ] [ o.s.d.r.config.RepositoryConfigurationDelegate : 132 ] - Bootstrapping Spring Data Redis repositories in DEFAULT mode.
2024-06-06 13:26:10.241 [ main ] - [ INFO  ] [ o.s.d.r.config.RepositoryConfigurationDelegate : 201 ] - Finished Spring Data repository scanning in 34 ms. Found 0 Redis repository interfaces.
2024-06-06 13:26:10.526 [ main ] - [ INFO  ] [ c.u.j.c.EnableEncryptablePropertiesBeanFactoryPostProcessor : 50 ] - Post-processing PropertySource instances
2024-06-06 13:26:10.640 [ main ] - [ INFO  ] [ c.u.j.EncryptablePropertySourceConverter : 38 ] - Converting PropertySource configurationProperties [org.springframework.boot.context.properties.source.ConfigurationPropertySourcesPropertySource] to AOP Proxy
2024-06-06 13:26:10.642 [ main ] - [ INFO  ] [ c.u.j.EncryptablePropertySourceConverter : 38 ] - Converting PropertySource servletConfigInitParams [org.springframework.core.env.PropertySource$StubPropertySource] to EncryptablePropertySourceWrapper
2024-06-06 13:26:10.642 [ main ] - [ INFO  ] [ c.u.j.EncryptablePropertySourceConverter : 38 ] - Converting PropertySource servletContextInitParams [org.springframework.core.env.PropertySource$StubPropertySource] to EncryptablePropertySourceWrapper
2024-06-06 13:26:10.642 [ main ] - [ INFO  ] [ c.u.j.EncryptablePropertySourceConverter : 38 ] - Converting PropertySource systemProperties [org.springframework.core.env.PropertiesPropertySource] to EncryptableMapPropertySourceWrapper
2024-06-06 13:26:10.642 [ main ] - [ INFO  ] [ c.u.j.EncryptablePropertySourceConverter : 38 ] - Converting PropertySource systemEnvironment [org.springframework.boot.env.SystemEnvironmentPropertySourceEnvironmentPostProcessor$OriginAwareSystemEnvironmentPropertySource] to EncryptableMapPropertySourceWrapper
2024-06-06 13:26:10.642 [ main ] - [ INFO  ] [ c.u.j.EncryptablePropertySourceConverter : 38 ] - Converting PropertySource random [org.springframework.boot.env.RandomValuePropertySource] to EncryptablePropertySourceWrapper
2024-06-06 13:26:10.642 [ main ] - [ INFO  ] [ c.u.j.EncryptablePropertySourceConverter : 38 ] - Converting PropertySource Config resource 'class path resource [application-prod.yml]' via location 'optional:classpath:/' [org.springframework.boot.env.OriginTrackedMapPropertySource] to EncryptableMapPropertySourceWrapper
2024-06-06 13:26:10.642 [ main ] - [ INFO  ] [ c.u.j.EncryptablePropertySourceConverter : 38 ] - Converting PropertySource Config resource 'class path resource [application.yml]' via location 'optional:classpath:/' [org.springframework.boot.env.OriginTrackedMapPropertySource] to EncryptableMapPropertySourceWrapper
2024-06-06 13:26:10.724 [ main ] - [ INFO  ] [ c.u.j.filter.DefaultLazyPropertyFilter : 31 ] - Property Filter custom Bean not found with name 'encryptablePropertyFilter'. Initializing Default Property Filter
2024-06-06 13:26:11.213 [ main ] - [ INFO  ] [ c.u.j.resolver.DefaultLazyPropertyResolver : 31 ] - Property Resolver custom Bean not found with name 'encryptablePropertyResolver'. Initializing Default Property Resolver
2024-06-06 13:26:11.215 [ main ] - [ INFO  ] [ c.u.j.detector.DefaultLazyPropertyDetector : 30 ] - Property Detector custom Bean not found with name 'encryptablePropertyDetector'. Initializing Default Property Detector
2024-06-06 13:26:11.222 [ main ] - [ INFO  ] [ o.s.c.s.PostProcessorRegistrationDelegate$BeanPostProcessorChecker : 376 ] - Bean 'socketIoProperties' of type [com.lfj.blog.common.chatSocketio.config.SocketIoProperties] is not eligible for getting processed by all BeanPostProcessors (for example: not eligible for auto-proxying)
2024-06-06 13:26:11.225 [ main ] - [ INFO  ] [ o.s.c.s.PostProcessorRegistrationDelegate$BeanPostProcessorChecker : 376 ] - Bean 'socketIoConfig' of type [com.lfj.blog.common.chatSocketio.config.SocketIoConfig$$EnhancerBySpringCGLIB$$a344da82] is not eligible for getting processed by all BeanPostProcessors (for example: not eligible for auto-proxying)
2024-06-06 13:26:11.326 [ main ] - [ INFO  ] [ o.s.c.s.PostProcessorRegistrationDelegate$BeanPostProcessorChecker : 376 ] - Bean 'socketIOServer' of type [com.corundumstudio.socketio.SocketIOServer] is not eligible for getting processed by all BeanPostProcessors (for example: not eligible for auto-proxying)
2024-06-06 13:26:11.680 [ main ] - [ INFO  ] [ o.s.boot.web.embedded.tomcat.TomcatWebServer : 108 ] - Tomcat initialized with port(s): 9090 (http)
2024-06-06 13:26:11.690 [ main ] - [ INFO  ] [ org.apache.coyote.http11.Http11NioProtocol : 173 ] - Initializing ProtocolHandler ["http-nio-9090"]
2024-06-06 13:26:11.691 [ main ] - [ INFO  ] [ org.apache.catalina.core.StandardService : 173 ] - Starting service [Tomcat]
2024-06-06 13:26:11.691 [ main ] - [ INFO  ] [ org.apache.catalina.core.StandardEngine : 173 ] - Starting Servlet engine: [Apache Tomcat/9.0.69]
2024-06-06 13:26:12.884 [ main ] - [ INFO  ] [ o.a.c.core.ContainerBase.[Tomcat].[localhost].[/] : 173 ] - Initializing Spring embedded WebApplicationContext
2024-06-06 13:26:12.884 [ main ] - [ INFO  ] [ o.s.b.w.s.c.ServletWebServerApplicationContext : 292 ] - Root WebApplicationContext: initialization completed in 4145 ms
2024-06-06 13:26:12.971 [ main ] - [ INFO  ] [ c.u.j.encryptor.DefaultLazyEncryptor : 32 ] - String Encryptor custom Bean not found with name 'jasyptStringEncryptor'. Initializing Default String Encryptor
2024-06-06 13:26:12.976 [ main ] - [ INFO  ] [ c.u.j.encryptor.DefaultLazyEncryptor : 58 ] - Encryptor config not found for property jasypt.encryptor.keyObtentionIterations, using default value: 1000
2024-06-06 13:26:12.976 [ main ] - [ INFO  ] [ c.u.j.encryptor.DefaultLazyEncryptor : 58 ] - Encryptor config not found for property jasypt.encryptor.providerName, using default value: null
2024-06-06 13:26:12.976 [ main ] - [ INFO  ] [ c.u.j.encryptor.DefaultLazyEncryptor : 58 ] - Encryptor config not found for property jasypt.encryptor.providerClassName, using default value: null
2024-06-06 13:26:12.977 [ main ] - [ INFO  ] [ c.u.j.encryptor.DefaultLazyEncryptor : 58 ] - Encryptor config not found for property jasypt.encryptor.saltGeneratorClassname, using default value: org.jasypt.salt.RandomSaltGenerator
2024-06-06 13:26:12.978 [ main ] - [ INFO  ] [ c.u.j.encryptor.DefaultLazyEncryptor : 58 ] - Encryptor config not found for property jasypt.encryptor.stringOutputType, using default value: base64
2024-06-06 13:26:13.750 [ main ] - [ INFO  ] [ org.redisson.Version : 41 ] - Redisson 3.17.0
2024-06-06 13:26:16.192 [ redisson-netty-2-3 ] - [ INFO  ] [ o.r.connection.pool.MasterPubSubConnectionPool : 161 ] - 1 connections initialized for 101.37.165.220/101.37.165.220:6379
2024-06-06 13:26:16.329 [ redisson-netty-2-19 ] - [ INFO  ] [ org.redisson.connection.pool.MasterConnectionPool : 161 ] - 24 connections initialized for 101.37.165.220/101.37.165.220:6379
2024-06-06 13:26:17.751 [ main ] - [ INFO  ] [ c.c.socketio.annotation.SpringAnnotationScanner : 58 ] - chatMessageEventHandler bean listeners added
2024-06-06 13:26:18.071 [ main ] - [ INFO  ] [ c.lfj.blog.common.limiter.aspect.RateLimiterAspect : 79 ] - RateLimterAspect[分布式限流处理器]脚本加载完成
2024-06-06 13:26:18.197 [ main ] - [ WARN  ] [ org.thymeleaf.templatemode.TemplateMode : 150 ] - [THYMELEAF][main] Template Mode 'HTML5' is deprecated. Using Template Mode 'HTML' instead.
2024-06-06 13:26:19.654 [ main ] - [ INFO  ] [ o.s.b.actuate.endpoint.web.EndpointLinksResolver : 58 ] - Exposing 1 endpoint(s) beneath base path '/actuator'
2024-06-06 13:26:19.910 [ main ] - [ WARN  ] [ o.s.s.config.annotation.web.builders.WebSecurity : 305 ] - You are asking Spring Security to ignore Ant [pattern='/*.html', GET]. This is not recommended -- please use permitAll via HttpSecurity#authorizeHttpRequests instead.
2024-06-06 13:26:19.911 [ main ] - [ INFO  ] [ o.s.security.web.DefaultSecurityFilterChain : 52 ] - Will not secure Ant [pattern='/*.html', GET]
2024-06-06 13:26:19.912 [ main ] - [ WARN  ] [ o.s.s.config.annotation.web.builders.WebSecurity : 305 ] - You are asking Spring Security to ignore Ant [pattern='/favicon.ico', GET]. This is not recommended -- please use permitAll via HttpSecurity#authorizeHttpRequests instead.
2024-06-06 13:26:19.912 [ main ] - [ INFO  ] [ o.s.security.web.DefaultSecurityFilterChain : 52 ] - Will not secure Ant [pattern='/favicon.ico', GET]
2024-06-06 13:26:19.912 [ main ] - [ WARN  ] [ o.s.s.config.annotation.web.builders.WebSecurity : 305 ] - You are asking Spring Security to ignore Ant [pattern='/**/*.html', GET]. This is not recommended -- please use permitAll via HttpSecurity#authorizeHttpRequests instead.
2024-06-06 13:26:19.912 [ main ] - [ INFO  ] [ o.s.security.web.DefaultSecurityFilterChain : 52 ] - Will not secure Ant [pattern='/**/*.html', GET]
2024-06-06 13:26:19.912 [ main ] - [ WARN  ] [ o.s.s.config.annotation.web.builders.WebSecurity : 305 ] - You are asking Spring Security to ignore Ant [pattern='/**/*.css', GET]. This is not recommended -- please use permitAll via HttpSecurity#authorizeHttpRequests instead.
2024-06-06 13:26:19.912 [ main ] - [ INFO  ] [ o.s.security.web.DefaultSecurityFilterChain : 52 ] - Will not secure Ant [pattern='/**/*.css', GET]
2024-06-06 13:26:19.913 [ main ] - [ WARN  ] [ o.s.s.config.annotation.web.builders.WebSecurity : 305 ] - You are asking Spring Security to ignore Ant [pattern='/**/*.js', GET]. This is not recommended -- please use permitAll via HttpSecurity#authorizeHttpRequests instead.
2024-06-06 13:26:19.913 [ main ] - [ INFO  ] [ o.s.security.web.DefaultSecurityFilterChain : 52 ] - Will not secure Ant [pattern='/**/*.js', GET]
2024-06-06 13:26:20.005 [ main ] - [ INFO  ] [ o.s.security.web.DefaultSecurityFilterChain : 55 ] - Will secure any request with [org.springframework.security.web.session.DisableEncodeUrlFilter@3ff53704, org.springframework.security.web.context.request.async.WebAsyncManagerIntegrationFilter@34d11c92, org.springframework.security.web.context.SecurityContextPersistenceFilter@14d298d6, org.springframework.security.web.header.HeaderWriterFilter@7b58d678, org.springframework.web.filter.CorsFilter@31b289da, org.springframework.security.web.authentication.logout.LogoutFilter@183a508b, com.lfj.blog.common.security.filter.AuthorizationTokenFilter@5501d1c8, org.springframework.security.web.savedrequest.RequestCacheAwareFilter@7bebad0d, org.springframework.security.web.servletapi.SecurityContextHolderAwareRequestFilter@44587c44, org.springframework.security.web.authentication.AnonymousAuthenticationFilter@58486deb, org.springframework.security.web.session.SessionManagementFilter@4c579b5b, org.springframework.security.web.access.ExceptionTranslationFilter@602aeb87, org.springframework.security.web.access.intercept.FilterSecurityInterceptor@4deca78]
2024-06-06 13:26:20.965 [ main ] - [ INFO  ] [ org.apache.coyote.http11.Http11NioProtocol : 173 ] - Starting ProtocolHandler ["http-nio-9090"]
2024-06-06 13:26:21.693 [ main ] - [ INFO  ] [ o.s.boot.web.embedded.tomcat.TomcatWebServer : 220 ] - Tomcat started on port(s): 9090 (http) with context path ''
2024-06-06 13:26:21.921 [ main ] - [ INFO  ] [ com.lfj.blog.WebBasicApplication : 61 ] - Started WebBasicApplication in 13.745 seconds (JVM running for 24.608)
2024-06-06 13:26:21.929 [ main ] - [ INFO  ] [ com.corundumstudio.socketio.SocketIOServer : 146 ] - Session store / pubsub factory used: MemoryStoreFactory (local session store only)
2024-06-06 13:26:23.318 [ nioEventLoopGroup-7-1 ] - [ ERROR ] [ com.corundumstudio.socketio.SocketIOServer : 173 ] - SocketIO server start failed at port: 9974!
2024-06-06 13:26:23.321 [ main ] - [ INFO  ] [ o.s.b.a.l.ConditionEvaluationReportLoggingListener : 136 ] - 

Error starting ApplicationContext. To display the conditions report re-run your application with 'debug' enabled.
2024-06-06 13:26:23.348 [ main ] - [ ERROR ] [ org.springframework.boot.SpringApplication : 821 ] - Application run failed
java.lang.IllegalStateException: Failed to execute CommandLineRunner
	at org.springframework.boot.SpringApplication.callRunner(SpringApplication.java:771)
	at org.springframework.boot.SpringApplication.callRunners(SpringApplication.java:752)
	at org.springframework.boot.SpringApplication.run(SpringApplication.java:314)
	at org.springframework.boot.SpringApplication.run(SpringApplication.java:1303)
	at org.springframework.boot.SpringApplication.run(SpringApplication.java:1292)
	at com.lfj.blog.WebBasicApplication.main(WebBasicApplication.java:13)
Caused by: java.net.BindException: Cannot assign requested address: bind
	at sun.nio.ch.Net.bind0(Native Method)
	at sun.nio.ch.Net.bind(Net.java:438)
	at sun.nio.ch.Net.bind(Net.java:430)
	at sun.nio.ch.ServerSocketChannelImpl.bind(ServerSocketChannelImpl.java:225)
	at io.netty.channel.socket.nio.NioServerSocketChannel.doBind(NioServerSocketChannel.java:141)
	at io.netty.channel.AbstractChannel$AbstractUnsafe.bind(AbstractChannel.java:562)
	at io.netty.channel.DefaultChannelPipeline$HeadContext.bind(DefaultChannelPipeline.java:1334)
	at io.netty.channel.AbstractChannelHandlerContext.invokeBind(AbstractChannelHandlerContext.java:600)
	at io.netty.channel.AbstractChannelHandlerContext.bind(AbstractChannelHandlerContext.java:579)
	at io.netty.channel.DefaultChannelPipeline.bind(DefaultChannelPipeline.java:973)
	at io.netty.channel.AbstractChannel.bind(AbstractChannel.java:260)
	at io.netty.bootstrap.AbstractBootstrap$2.run(AbstractBootstrap.java:356)
	at io.netty.util.concurrent.AbstractEventExecutor.runTask(AbstractEventExecutor.java:174)
	at io.netty.util.concurrent.AbstractEventExecutor.safeExecute(AbstractEventExecutor.java:167)
	at io.netty.util.concurrent.SingleThreadEventExecutor.runAllTasks(SingleThreadEventExecutor.java:470)
	at io.netty.channel.nio.NioEventLoop.run(NioEventLoop.java:569)
	at io.netty.util.concurrent.SingleThreadEventExecutor$4.run(SingleThreadEventExecutor.java:997)
	at io.netty.util.internal.ThreadExecutorMap$2.run(ThreadExecutorMap.java:74)
	at io.netty.util.concurrent.FastThreadLocalRunnable.run(FastThreadLocalRunnable.java:30)
	at java.lang.Thread.run(Thread.java:750)
2024-06-06 13:46:55.271 [ background-preinit ] - [ INFO  ] [ org.hibernate.validator.internal.util.Version : 21 ] - HV000001: Hibernate Validator 6.2.5.Final
2024-06-06 13:46:55.281 [ main ] - [ INFO  ] [ com.lfj.blog.WebBasicApplication : 55 ] - Starting WebBasicApplication using Java 1.8.0_333 on Vicissitudes with PID 38520 (C:\Users\16658\Documents\GitHub\blog-back-end\blog-springboot2\blog\target\classes started by 16658 in C:\Users\16658\Documents\GitHub\blog-back-end\blog-springboot2\blog)
2024-06-06 13:46:55.281 [ main ] - [ INFO  ] [ com.lfj.blog.WebBasicApplication : 637 ] - The following 1 profile is active: "prod"
2024-06-06 13:46:57.067 [ main ] - [ INFO  ] [ o.s.d.r.config.RepositoryConfigurationDelegate : 262 ] - Multiple Spring Data modules found, entering strict repository configuration mode
2024-06-06 13:46:57.071 [ main ] - [ INFO  ] [ o.s.d.r.config.RepositoryConfigurationDelegate : 132 ] - Bootstrapping Spring Data Redis repositories in DEFAULT mode.
2024-06-06 13:46:57.129 [ main ] - [ INFO  ] [ o.s.d.r.config.RepositoryConfigurationDelegate : 201 ] - Finished Spring Data repository scanning in 39 ms. Found 0 Redis repository interfaces.
2024-06-06 13:46:57.455 [ main ] - [ INFO  ] [ c.u.j.c.EnableEncryptablePropertiesBeanFactoryPostProcessor : 50 ] - Post-processing PropertySource instances
2024-06-06 13:46:57.554 [ main ] - [ INFO  ] [ c.u.j.EncryptablePropertySourceConverter : 38 ] - Converting PropertySource configurationProperties [org.springframework.boot.context.properties.source.ConfigurationPropertySourcesPropertySource] to AOP Proxy
2024-06-06 13:46:57.555 [ main ] - [ INFO  ] [ c.u.j.EncryptablePropertySourceConverter : 38 ] - Converting PropertySource servletConfigInitParams [org.springframework.core.env.PropertySource$StubPropertySource] to EncryptablePropertySourceWrapper
2024-06-06 13:46:57.555 [ main ] - [ INFO  ] [ c.u.j.EncryptablePropertySourceConverter : 38 ] - Converting PropertySource servletContextInitParams [org.springframework.core.env.PropertySource$StubPropertySource] to EncryptablePropertySourceWrapper
2024-06-06 13:46:57.556 [ main ] - [ INFO  ] [ c.u.j.EncryptablePropertySourceConverter : 38 ] - Converting PropertySource systemProperties [org.springframework.core.env.PropertiesPropertySource] to EncryptableMapPropertySourceWrapper
2024-06-06 13:46:57.557 [ main ] - [ INFO  ] [ c.u.j.EncryptablePropertySourceConverter : 38 ] - Converting PropertySource systemEnvironment [org.springframework.boot.env.SystemEnvironmentPropertySourceEnvironmentPostProcessor$OriginAwareSystemEnvironmentPropertySource] to EncryptableMapPropertySourceWrapper
2024-06-06 13:46:57.557 [ main ] - [ INFO  ] [ c.u.j.EncryptablePropertySourceConverter : 38 ] - Converting PropertySource random [org.springframework.boot.env.RandomValuePropertySource] to EncryptablePropertySourceWrapper
2024-06-06 13:46:57.557 [ main ] - [ INFO  ] [ c.u.j.EncryptablePropertySourceConverter : 38 ] - Converting PropertySource Config resource 'class path resource [application-prod.yml]' via location 'optional:classpath:/' [org.springframework.boot.env.OriginTrackedMapPropertySource] to EncryptableMapPropertySourceWrapper
2024-06-06 13:46:57.557 [ main ] - [ INFO  ] [ c.u.j.EncryptablePropertySourceConverter : 38 ] - Converting PropertySource Config resource 'class path resource [application.yml]' via location 'optional:classpath:/' [org.springframework.boot.env.OriginTrackedMapPropertySource] to EncryptableMapPropertySourceWrapper
2024-06-06 13:46:57.632 [ main ] - [ INFO  ] [ c.u.j.filter.DefaultLazyPropertyFilter : 31 ] - Property Filter custom Bean not found with name 'encryptablePropertyFilter'. Initializing Default Property Filter
2024-06-06 13:46:57.884 [ main ] - [ INFO  ] [ c.u.j.resolver.DefaultLazyPropertyResolver : 31 ] - Property Resolver custom Bean not found with name 'encryptablePropertyResolver'. Initializing Default Property Resolver
2024-06-06 13:46:57.885 [ main ] - [ INFO  ] [ c.u.j.detector.DefaultLazyPropertyDetector : 30 ] - Property Detector custom Bean not found with name 'encryptablePropertyDetector'. Initializing Default Property Detector
2024-06-06 13:46:57.887 [ main ] - [ INFO  ] [ o.s.c.s.PostProcessorRegistrationDelegate$BeanPostProcessorChecker : 376 ] - Bean 'socketIoProperties' of type [com.lfj.blog.common.chatSocketio.config.SocketIoProperties] is not eligible for getting processed by all BeanPostProcessors (for example: not eligible for auto-proxying)
2024-06-06 13:46:57.890 [ main ] - [ INFO  ] [ o.s.c.s.PostProcessorRegistrationDelegate$BeanPostProcessorChecker : 376 ] - Bean 'socketIoConfig' of type [com.lfj.blog.common.chatSocketio.config.SocketIoConfig$$EnhancerBySpringCGLIB$$1caadf0a] is not eligible for getting processed by all BeanPostProcessors (for example: not eligible for auto-proxying)
2024-06-06 13:46:57.959 [ main ] - [ INFO  ] [ o.s.c.s.PostProcessorRegistrationDelegate$BeanPostProcessorChecker : 376 ] - Bean 'socketIOServer' of type [com.corundumstudio.socketio.SocketIOServer] is not eligible for getting processed by all BeanPostProcessors (for example: not eligible for auto-proxying)
2024-06-06 13:46:58.327 [ main ] - [ INFO  ] [ o.s.boot.web.embedded.tomcat.TomcatWebServer : 108 ] - Tomcat initialized with port(s): 9090 (http)
2024-06-06 13:46:58.337 [ main ] - [ INFO  ] [ org.apache.coyote.http11.Http11NioProtocol : 173 ] - Initializing ProtocolHandler ["http-nio-9090"]
2024-06-06 13:46:58.338 [ main ] - [ INFO  ] [ org.apache.catalina.core.StandardService : 173 ] - Starting service [Tomcat]
2024-06-06 13:46:58.338 [ main ] - [ INFO  ] [ org.apache.catalina.core.StandardEngine : 173 ] - Starting Servlet engine: [Apache Tomcat/9.0.69]
2024-06-06 13:46:58.541 [ main ] - [ INFO  ] [ o.a.c.core.ContainerBase.[Tomcat].[localhost].[/] : 173 ] - Initializing Spring embedded WebApplicationContext
2024-06-06 13:46:58.541 [ main ] - [ INFO  ] [ o.s.b.w.s.c.ServletWebServerApplicationContext : 292 ] - Root WebApplicationContext: initialization completed in 3213 ms
2024-06-06 13:46:58.650 [ main ] - [ INFO  ] [ c.u.j.encryptor.DefaultLazyEncryptor : 32 ] - String Encryptor custom Bean not found with name 'jasyptStringEncryptor'. Initializing Default String Encryptor
2024-06-06 13:46:58.657 [ main ] - [ INFO  ] [ c.u.j.encryptor.DefaultLazyEncryptor : 58 ] - Encryptor config not found for property jasypt.encryptor.keyObtentionIterations, using default value: 1000
2024-06-06 13:46:58.658 [ main ] - [ INFO  ] [ c.u.j.encryptor.DefaultLazyEncryptor : 58 ] - Encryptor config not found for property jasypt.encryptor.providerName, using default value: null
2024-06-06 13:46:58.658 [ main ] - [ INFO  ] [ c.u.j.encryptor.DefaultLazyEncryptor : 58 ] - Encryptor config not found for property jasypt.encryptor.providerClassName, using default value: null
2024-06-06 13:46:58.658 [ main ] - [ INFO  ] [ c.u.j.encryptor.DefaultLazyEncryptor : 58 ] - Encryptor config not found for property jasypt.encryptor.saltGeneratorClassname, using default value: org.jasypt.salt.RandomSaltGenerator
2024-06-06 13:46:58.661 [ main ] - [ INFO  ] [ c.u.j.encryptor.DefaultLazyEncryptor : 58 ] - Encryptor config not found for property jasypt.encryptor.stringOutputType, using default value: base64
2024-06-06 13:46:59.235 [ main ] - [ INFO  ] [ org.redisson.Version : 41 ] - Redisson 3.17.0
2024-06-06 13:47:00.306 [ redisson-netty-2-5 ] - [ INFO  ] [ o.r.connection.pool.MasterPubSubConnectionPool : 161 ] - 1 connections initialized for 101.37.165.220/101.37.165.220:6379
2024-06-06 13:47:00.433 [ redisson-netty-2-19 ] - [ INFO  ] [ org.redisson.connection.pool.MasterConnectionPool : 161 ] - 24 connections initialized for 101.37.165.220/101.37.165.220:6379
2024-06-06 13:47:01.794 [ main ] - [ INFO  ] [ c.c.socketio.annotation.SpringAnnotationScanner : 58 ] - chatMessageEventHandler bean listeners added
2024-06-06 13:47:02.045 [ main ] - [ INFO  ] [ c.lfj.blog.common.limiter.aspect.RateLimiterAspect : 79 ] - RateLimterAspect[分布式限流处理器]脚本加载完成
2024-06-06 13:47:02.145 [ main ] - [ WARN  ] [ org.thymeleaf.templatemode.TemplateMode : 150 ] - [THYMELEAF][main] Template Mode 'HTML5' is deprecated. Using Template Mode 'HTML' instead.
2024-06-06 13:47:03.546 [ main ] - [ INFO  ] [ o.s.b.actuate.endpoint.web.EndpointLinksResolver : 58 ] - Exposing 1 endpoint(s) beneath base path '/actuator'
2024-06-06 13:47:03.800 [ main ] - [ WARN  ] [ o.s.s.config.annotation.web.builders.WebSecurity : 305 ] - You are asking Spring Security to ignore Ant [pattern='/*.html', GET]. This is not recommended -- please use permitAll via HttpSecurity#authorizeHttpRequests instead.
2024-06-06 13:47:03.800 [ main ] - [ INFO  ] [ o.s.security.web.DefaultSecurityFilterChain : 52 ] - Will not secure Ant [pattern='/*.html', GET]
2024-06-06 13:47:03.801 [ main ] - [ WARN  ] [ o.s.s.config.annotation.web.builders.WebSecurity : 305 ] - You are asking Spring Security to ignore Ant [pattern='/favicon.ico', GET]. This is not recommended -- please use permitAll via HttpSecurity#authorizeHttpRequests instead.
2024-06-06 13:47:03.801 [ main ] - [ INFO  ] [ o.s.security.web.DefaultSecurityFilterChain : 52 ] - Will not secure Ant [pattern='/favicon.ico', GET]
2024-06-06 13:47:03.801 [ main ] - [ WARN  ] [ o.s.s.config.annotation.web.builders.WebSecurity : 305 ] - You are asking Spring Security to ignore Ant [pattern='/**/*.html', GET]. This is not recommended -- please use permitAll via HttpSecurity#authorizeHttpRequests instead.
2024-06-06 13:47:03.801 [ main ] - [ INFO  ] [ o.s.security.web.DefaultSecurityFilterChain : 52 ] - Will not secure Ant [pattern='/**/*.html', GET]
2024-06-06 13:47:03.802 [ main ] - [ WARN  ] [ o.s.s.config.annotation.web.builders.WebSecurity : 305 ] - You are asking Spring Security to ignore Ant [pattern='/**/*.css', GET]. This is not recommended -- please use permitAll via HttpSecurity#authorizeHttpRequests instead.
2024-06-06 13:47:03.802 [ main ] - [ INFO  ] [ o.s.security.web.DefaultSecurityFilterChain : 52 ] - Will not secure Ant [pattern='/**/*.css', GET]
2024-06-06 13:47:03.802 [ main ] - [ WARN  ] [ o.s.s.config.annotation.web.builders.WebSecurity : 305 ] - You are asking Spring Security to ignore Ant [pattern='/**/*.js', GET]. This is not recommended -- please use permitAll via HttpSecurity#authorizeHttpRequests instead.
2024-06-06 13:47:03.802 [ main ] - [ INFO  ] [ o.s.security.web.DefaultSecurityFilterChain : 52 ] - Will not secure Ant [pattern='/**/*.js', GET]
2024-06-06 13:47:03.880 [ main ] - [ INFO  ] [ o.s.security.web.DefaultSecurityFilterChain : 55 ] - Will secure any request with [org.springframework.security.web.session.DisableEncodeUrlFilter@4c7f2fdb, org.springframework.security.web.context.request.async.WebAsyncManagerIntegrationFilter@1b5cf611, org.springframework.security.web.context.SecurityContextPersistenceFilter@26d445e9, org.springframework.security.web.header.HeaderWriterFilter@62d6ac, org.springframework.web.filter.CorsFilter@3d01ea33, org.springframework.security.web.authentication.logout.LogoutFilter@495bc9e7, com.lfj.blog.common.security.filter.AuthorizationTokenFilter@671da0f9, org.springframework.security.web.savedrequest.RequestCacheAwareFilter@618fb1, org.springframework.security.web.servletapi.SecurityContextHolderAwareRequestFilter@3f33bb6f, org.springframework.security.web.authentication.AnonymousAuthenticationFilter@73b3ce31, org.springframework.security.web.session.SessionManagementFilter@ff8e36d, org.springframework.security.web.access.ExceptionTranslationFilter@2078bf0a, org.springframework.security.web.access.intercept.FilterSecurityInterceptor@34d11c92]
2024-06-06 13:47:04.539 [ main ] - [ INFO  ] [ org.apache.coyote.http11.Http11NioProtocol : 173 ] - Starting ProtocolHandler ["http-nio-9090"]
2024-06-06 13:47:04.550 [ main ] - [ INFO  ] [ o.s.boot.web.embedded.tomcat.TomcatWebServer : 220 ] - Tomcat started on port(s): 9090 (http) with context path ''
2024-06-06 13:47:04.566 [ main ] - [ INFO  ] [ com.lfj.blog.WebBasicApplication : 61 ] - Started WebBasicApplication in 9.944 seconds (JVM running for 11.042)
2024-06-06 13:47:04.573 [ main ] - [ INFO  ] [ com.corundumstudio.socketio.SocketIOServer : 146 ] - Session store / pubsub factory used: MemoryStoreFactory (local session store only)
2024-06-06 13:47:04.730 [ nioEventLoopGroup-7-1 ] - [ ERROR ] [ com.corundumstudio.socketio.SocketIOServer : 173 ] - SocketIO server start failed at port: 9974!
2024-06-06 13:47:04.734 [ main ] - [ INFO  ] [ o.s.b.a.l.ConditionEvaluationReportLoggingListener : 136 ] - 

Error starting ApplicationContext. To display the conditions report re-run your application with 'debug' enabled.
2024-06-06 13:47:04.760 [ main ] - [ ERROR ] [ org.springframework.boot.SpringApplication : 821 ] - Application run failed
java.lang.IllegalStateException: Failed to execute CommandLineRunner
	at org.springframework.boot.SpringApplication.callRunner(SpringApplication.java:771)
	at org.springframework.boot.SpringApplication.callRunners(SpringApplication.java:752)
	at org.springframework.boot.SpringApplication.run(SpringApplication.java:314)
	at org.springframework.boot.SpringApplication.run(SpringApplication.java:1303)
	at org.springframework.boot.SpringApplication.run(SpringApplication.java:1292)
	at com.lfj.blog.WebBasicApplication.main(WebBasicApplication.java:13)
Caused by: java.net.BindException: Address already in use: bind
	at sun.nio.ch.Net.bind0(Native Method)
	at sun.nio.ch.Net.bind(Net.java:438)
	at sun.nio.ch.Net.bind(Net.java:430)
	at sun.nio.ch.ServerSocketChannelImpl.bind(ServerSocketChannelImpl.java:225)
	at io.netty.channel.socket.nio.NioServerSocketChannel.doBind(NioServerSocketChannel.java:141)
	at io.netty.channel.AbstractChannel$AbstractUnsafe.bind(AbstractChannel.java:562)
	at io.netty.channel.DefaultChannelPipeline$HeadContext.bind(DefaultChannelPipeline.java:1334)
	at io.netty.channel.AbstractChannelHandlerContext.invokeBind(AbstractChannelHandlerContext.java:600)
	at io.netty.channel.AbstractChannelHandlerContext.bind(AbstractChannelHandlerContext.java:579)
	at io.netty.channel.DefaultChannelPipeline.bind(DefaultChannelPipeline.java:973)
	at io.netty.channel.AbstractChannel.bind(AbstractChannel.java:260)
	at io.netty.bootstrap.AbstractBootstrap$2.run(AbstractBootstrap.java:356)
	at io.netty.util.concurrent.AbstractEventExecutor.runTask(AbstractEventExecutor.java:174)
	at io.netty.util.concurrent.AbstractEventExecutor.safeExecute(AbstractEventExecutor.java:167)
	at io.netty.util.concurrent.SingleThreadEventExecutor.runAllTasks(SingleThreadEventExecutor.java:470)
	at io.netty.channel.nio.NioEventLoop.run(NioEventLoop.java:569)
	at io.netty.util.concurrent.SingleThreadEventExecutor$4.run(SingleThreadEventExecutor.java:997)
	at io.netty.util.internal.ThreadExecutorMap$2.run(ThreadExecutorMap.java:74)
	at io.netty.util.concurrent.FastThreadLocalRunnable.run(FastThreadLocalRunnable.java:30)
	at java.lang.Thread.run(Thread.java:750)
2024-06-06 13:48:09.788 [ background-preinit ] - [ INFO  ] [ org.hibernate.validator.internal.util.Version : 21 ] - HV000001: Hibernate Validator 6.2.5.Final
2024-06-06 13:48:09.793 [ main ] - [ INFO  ] [ com.lfj.blog.WebBasicApplication : 55 ] - Starting WebBasicApplication using Java 1.8.0_333 on Vicissitudes with PID 86696 (C:\Users\16658\Documents\GitHub\blog-back-end\blog-springboot2\blog\target\classes started by 16658 in C:\Users\16658\Documents\GitHub\blog-back-end\blog-springboot2\blog)
2024-06-06 13:48:09.794 [ main ] - [ INFO  ] [ com.lfj.blog.WebBasicApplication : 637 ] - The following 1 profile is active: "prod"
2024-06-06 13:48:11.159 [ main ] - [ INFO  ] [ o.s.d.r.config.RepositoryConfigurationDelegate : 262 ] - Multiple Spring Data modules found, entering strict repository configuration mode
2024-06-06 13:48:11.162 [ main ] - [ INFO  ] [ o.s.d.r.config.RepositoryConfigurationDelegate : 132 ] - Bootstrapping Spring Data Redis repositories in DEFAULT mode.
2024-06-06 13:48:11.208 [ main ] - [ INFO  ] [ o.s.d.r.config.RepositoryConfigurationDelegate : 201 ] - Finished Spring Data repository scanning in 33 ms. Found 0 Redis repository interfaces.
2024-06-06 13:48:11.496 [ main ] - [ INFO  ] [ c.u.j.c.EnableEncryptablePropertiesBeanFactoryPostProcessor : 50 ] - Post-processing PropertySource instances
2024-06-06 13:48:11.589 [ main ] - [ INFO  ] [ c.u.j.EncryptablePropertySourceConverter : 38 ] - Converting PropertySource configurationProperties [org.springframework.boot.context.properties.source.ConfigurationPropertySourcesPropertySource] to AOP Proxy
2024-06-06 13:48:11.590 [ main ] - [ INFO  ] [ c.u.j.EncryptablePropertySourceConverter : 38 ] - Converting PropertySource servletConfigInitParams [org.springframework.core.env.PropertySource$StubPropertySource] to EncryptablePropertySourceWrapper
2024-06-06 13:48:11.590 [ main ] - [ INFO  ] [ c.u.j.EncryptablePropertySourceConverter : 38 ] - Converting PropertySource servletContextInitParams [org.springframework.core.env.PropertySource$StubPropertySource] to EncryptablePropertySourceWrapper
2024-06-06 13:48:11.590 [ main ] - [ INFO  ] [ c.u.j.EncryptablePropertySourceConverter : 38 ] - Converting PropertySource systemProperties [org.springframework.core.env.PropertiesPropertySource] to EncryptableMapPropertySourceWrapper
2024-06-06 13:48:11.592 [ main ] - [ INFO  ] [ c.u.j.EncryptablePropertySourceConverter : 38 ] - Converting PropertySource systemEnvironment [org.springframework.boot.env.SystemEnvironmentPropertySourceEnvironmentPostProcessor$OriginAwareSystemEnvironmentPropertySource] to EncryptableMapPropertySourceWrapper
2024-06-06 13:48:11.592 [ main ] - [ INFO  ] [ c.u.j.EncryptablePropertySourceConverter : 38 ] - Converting PropertySource random [org.springframework.boot.env.RandomValuePropertySource] to EncryptablePropertySourceWrapper
2024-06-06 13:48:11.592 [ main ] - [ INFO  ] [ c.u.j.EncryptablePropertySourceConverter : 38 ] - Converting PropertySource Config resource 'class path resource [application-prod.yml]' via location 'optional:classpath:/' [org.springframework.boot.env.OriginTrackedMapPropertySource] to EncryptableMapPropertySourceWrapper
2024-06-06 13:48:11.592 [ main ] - [ INFO  ] [ c.u.j.EncryptablePropertySourceConverter : 38 ] - Converting PropertySource Config resource 'class path resource [application.yml]' via location 'optional:classpath:/' [org.springframework.boot.env.OriginTrackedMapPropertySource] to EncryptableMapPropertySourceWrapper
2024-06-06 13:48:11.654 [ main ] - [ INFO  ] [ c.u.j.filter.DefaultLazyPropertyFilter : 31 ] - Property Filter custom Bean not found with name 'encryptablePropertyFilter'. Initializing Default Property Filter
2024-06-06 13:48:11.882 [ main ] - [ INFO  ] [ c.u.j.resolver.DefaultLazyPropertyResolver : 31 ] - Property Resolver custom Bean not found with name 'encryptablePropertyResolver'. Initializing Default Property Resolver
2024-06-06 13:48:11.884 [ main ] - [ INFO  ] [ c.u.j.detector.DefaultLazyPropertyDetector : 30 ] - Property Detector custom Bean not found with name 'encryptablePropertyDetector'. Initializing Default Property Detector
2024-06-06 13:48:11.887 [ main ] - [ INFO  ] [ o.s.c.s.PostProcessorRegistrationDelegate$BeanPostProcessorChecker : 376 ] - Bean 'socketIoProperties' of type [com.lfj.blog.common.chatSocketio.config.SocketIoProperties] is not eligible for getting processed by all BeanPostProcessors (for example: not eligible for auto-proxying)
2024-06-06 13:48:11.890 [ main ] - [ INFO  ] [ o.s.c.s.PostProcessorRegistrationDelegate$BeanPostProcessorChecker : 376 ] - Bean 'socketIoConfig' of type [com.lfj.blog.common.chatSocketio.config.SocketIoConfig$$EnhancerBySpringCGLIB$$aed0a7db] is not eligible for getting processed by all BeanPostProcessors (for example: not eligible for auto-proxying)
2024-06-06 13:48:11.943 [ main ] - [ INFO  ] [ o.s.c.s.PostProcessorRegistrationDelegate$BeanPostProcessorChecker : 376 ] - Bean 'socketIOServer' of type [com.corundumstudio.socketio.SocketIOServer] is not eligible for getting processed by all BeanPostProcessors (for example: not eligible for auto-proxying)
2024-06-06 13:48:12.248 [ main ] - [ INFO  ] [ o.s.boot.web.embedded.tomcat.TomcatWebServer : 108 ] - Tomcat initialized with port(s): 9090 (http)
2024-06-06 13:48:12.258 [ main ] - [ INFO  ] [ org.apache.coyote.http11.Http11NioProtocol : 173 ] - Initializing ProtocolHandler ["http-nio-9090"]
2024-06-06 13:48:12.258 [ main ] - [ INFO  ] [ org.apache.catalina.core.StandardService : 173 ] - Starting service [Tomcat]
2024-06-06 13:48:12.259 [ main ] - [ INFO  ] [ org.apache.catalina.core.StandardEngine : 173 ] - Starting Servlet engine: [Apache Tomcat/9.0.69]
2024-06-06 13:48:12.465 [ main ] - [ INFO  ] [ o.a.c.core.ContainerBase.[Tomcat].[localhost].[/] : 173 ] - Initializing Spring embedded WebApplicationContext
2024-06-06 13:48:12.465 [ main ] - [ INFO  ] [ o.s.b.w.s.c.ServletWebServerApplicationContext : 292 ] - Root WebApplicationContext: initialization completed in 2635 ms
2024-06-06 13:48:12.554 [ main ] - [ INFO  ] [ c.u.j.encryptor.DefaultLazyEncryptor : 32 ] - String Encryptor custom Bean not found with name 'jasyptStringEncryptor'. Initializing Default String Encryptor
2024-06-06 13:48:12.570 [ main ] - [ INFO  ] [ c.u.j.encryptor.DefaultLazyEncryptor : 58 ] - Encryptor config not found for property jasypt.encryptor.keyObtentionIterations, using default value: 1000
2024-06-06 13:48:12.571 [ main ] - [ INFO  ] [ c.u.j.encryptor.DefaultLazyEncryptor : 58 ] - Encryptor config not found for property jasypt.encryptor.providerName, using default value: null
2024-06-06 13:48:12.571 [ main ] - [ INFO  ] [ c.u.j.encryptor.DefaultLazyEncryptor : 58 ] - Encryptor config not found for property jasypt.encryptor.providerClassName, using default value: null
2024-06-06 13:48:12.571 [ main ] - [ INFO  ] [ c.u.j.encryptor.DefaultLazyEncryptor : 58 ] - Encryptor config not found for property jasypt.encryptor.saltGeneratorClassname, using default value: org.jasypt.salt.RandomSaltGenerator
2024-06-06 13:48:12.572 [ main ] - [ INFO  ] [ c.u.j.encryptor.DefaultLazyEncryptor : 58 ] - Encryptor config not found for property jasypt.encryptor.stringOutputType, using default value: base64
2024-06-06 13:48:13.141 [ main ] - [ INFO  ] [ org.redisson.Version : 41 ] - Redisson 3.17.0
2024-06-06 13:48:14.134 [ redisson-netty-2-32 ] - [ INFO  ] [ o.r.connection.pool.MasterPubSubConnectionPool : 161 ] - 1 connections initialized for 101.37.165.220/101.37.165.220:6379
2024-06-06 13:48:14.254 [ redisson-netty-2-19 ] - [ INFO  ] [ org.redisson.connection.pool.MasterConnectionPool : 161 ] - 24 connections initialized for 101.37.165.220/101.37.165.220:6379
2024-06-06 13:48:16.028 [ main ] - [ INFO  ] [ c.c.socketio.annotation.SpringAnnotationScanner : 58 ] - chatMessageEventHandler bean listeners added
2024-06-06 13:48:16.317 [ main ] - [ INFO  ] [ c.lfj.blog.common.limiter.aspect.RateLimiterAspect : 79 ] - RateLimterAspect[分布式限流处理器]脚本加载完成
2024-06-06 13:48:16.407 [ main ] - [ WARN  ] [ org.thymeleaf.templatemode.TemplateMode : 150 ] - [THYMELEAF][main] Template Mode 'HTML5' is deprecated. Using Template Mode 'HTML' instead.
2024-06-06 13:48:17.717 [ main ] - [ INFO  ] [ o.s.b.actuate.endpoint.web.EndpointLinksResolver : 58 ] - Exposing 1 endpoint(s) beneath base path '/actuator'
2024-06-06 13:48:17.931 [ main ] - [ WARN  ] [ o.s.s.config.annotation.web.builders.WebSecurity : 305 ] - You are asking Spring Security to ignore Ant [pattern='/*.html', GET]. This is not recommended -- please use permitAll via HttpSecurity#authorizeHttpRequests instead.
2024-06-06 13:48:17.933 [ main ] - [ INFO  ] [ o.s.security.web.DefaultSecurityFilterChain : 52 ] - Will not secure Ant [pattern='/*.html', GET]
2024-06-06 13:48:17.934 [ main ] - [ WARN  ] [ o.s.s.config.annotation.web.builders.WebSecurity : 305 ] - You are asking Spring Security to ignore Ant [pattern='/favicon.ico', GET]. This is not recommended -- please use permitAll via HttpSecurity#authorizeHttpRequests instead.
2024-06-06 13:48:17.934 [ main ] - [ INFO  ] [ o.s.security.web.DefaultSecurityFilterChain : 52 ] - Will not secure Ant [pattern='/favicon.ico', GET]
2024-06-06 13:48:17.935 [ main ] - [ WARN  ] [ o.s.s.config.annotation.web.builders.WebSecurity : 305 ] - You are asking Spring Security to ignore Ant [pattern='/**/*.html', GET]. This is not recommended -- please use permitAll via HttpSecurity#authorizeHttpRequests instead.
2024-06-06 13:48:17.935 [ main ] - [ INFO  ] [ o.s.security.web.DefaultSecurityFilterChain : 52 ] - Will not secure Ant [pattern='/**/*.html', GET]
2024-06-06 13:48:17.935 [ main ] - [ WARN  ] [ o.s.s.config.annotation.web.builders.WebSecurity : 305 ] - You are asking Spring Security to ignore Ant [pattern='/**/*.css', GET]. This is not recommended -- please use permitAll via HttpSecurity#authorizeHttpRequests instead.
2024-06-06 13:48:17.935 [ main ] - [ INFO  ] [ o.s.security.web.DefaultSecurityFilterChain : 52 ] - Will not secure Ant [pattern='/**/*.css', GET]
2024-06-06 13:48:17.935 [ main ] - [ WARN  ] [ o.s.s.config.annotation.web.builders.WebSecurity : 305 ] - You are asking Spring Security to ignore Ant [pattern='/**/*.js', GET]. This is not recommended -- please use permitAll via HttpSecurity#authorizeHttpRequests instead.
2024-06-06 13:48:17.935 [ main ] - [ INFO  ] [ o.s.security.web.DefaultSecurityFilterChain : 52 ] - Will not secure Ant [pattern='/**/*.js', GET]
2024-06-06 13:48:18.024 [ main ] - [ INFO  ] [ o.s.security.web.DefaultSecurityFilterChain : 55 ] - Will secure any request with [org.springframework.security.web.session.DisableEncodeUrlFilter@5b0e5d5f, org.springframework.security.web.context.request.async.WebAsyncManagerIntegrationFilter@58b5d5fc, org.springframework.security.web.context.SecurityContextPersistenceFilter@4cb773c5, org.springframework.security.web.header.HeaderWriterFilter@27048db3, org.springframework.web.filter.CorsFilter@42536da6, org.springframework.security.web.authentication.logout.LogoutFilter@77f04d1a, com.lfj.blog.common.security.filter.AuthorizationTokenFilter@371cd2fc, org.springframework.security.web.savedrequest.RequestCacheAwareFilter@7057dbda, org.springframework.security.web.servletapi.SecurityContextHolderAwareRequestFilter@4c8a9266, org.springframework.security.web.authentication.AnonymousAuthenticationFilter@7591cbd1, org.springframework.security.web.session.SessionManagementFilter@48751d8a, org.springframework.security.web.access.ExceptionTranslationFilter@26d445e9, org.springframework.security.web.access.intercept.FilterSecurityInterceptor@1d67348a]
2024-06-06 13:48:18.666 [ main ] - [ INFO  ] [ org.apache.coyote.http11.Http11NioProtocol : 173 ] - Starting ProtocolHandler ["http-nio-9090"]
2024-06-06 13:48:18.678 [ main ] - [ INFO  ] [ o.s.boot.web.embedded.tomcat.TomcatWebServer : 220 ] - Tomcat started on port(s): 9090 (http) with context path ''
2024-06-06 13:48:18.694 [ main ] - [ INFO  ] [ com.lfj.blog.WebBasicApplication : 61 ] - Started WebBasicApplication in 9.467 seconds (JVM running for 10.428)
2024-06-06 13:48:18.701 [ main ] - [ INFO  ] [ com.corundumstudio.socketio.SocketIOServer : 146 ] - Session store / pubsub factory used: MemoryStoreFactory (local session store only)
2024-06-06 13:48:18.856 [ nioEventLoopGroup-7-1 ] - [ ERROR ] [ com.corundumstudio.socketio.SocketIOServer : 173 ] - SocketIO server start failed at port: 9974!
2024-06-06 13:48:18.859 [ main ] - [ INFO  ] [ o.s.b.a.l.ConditionEvaluationReportLoggingListener : 136 ] - 

Error starting ApplicationContext. To display the conditions report re-run your application with 'debug' enabled.
2024-06-06 13:48:18.884 [ main ] - [ ERROR ] [ org.springframework.boot.SpringApplication : 821 ] - Application run failed
java.lang.IllegalStateException: Failed to execute CommandLineRunner
	at org.springframework.boot.SpringApplication.callRunner(SpringApplication.java:771)
	at org.springframework.boot.SpringApplication.callRunners(SpringApplication.java:752)
	at org.springframework.boot.SpringApplication.run(SpringApplication.java:314)
	at org.springframework.boot.SpringApplication.run(SpringApplication.java:1303)
	at org.springframework.boot.SpringApplication.run(SpringApplication.java:1292)
	at com.lfj.blog.WebBasicApplication.main(WebBasicApplication.java:13)
Caused by: java.net.BindException: Address already in use: bind
	at sun.nio.ch.Net.bind0(Native Method)
	at sun.nio.ch.Net.bind(Net.java:438)
	at sun.nio.ch.Net.bind(Net.java:430)
	at sun.nio.ch.ServerSocketChannelImpl.bind(ServerSocketChannelImpl.java:225)
	at io.netty.channel.socket.nio.NioServerSocketChannel.doBind(NioServerSocketChannel.java:141)
	at io.netty.channel.AbstractChannel$AbstractUnsafe.bind(AbstractChannel.java:562)
	at io.netty.channel.DefaultChannelPipeline$HeadContext.bind(DefaultChannelPipeline.java:1334)
	at io.netty.channel.AbstractChannelHandlerContext.invokeBind(AbstractChannelHandlerContext.java:600)
	at io.netty.channel.AbstractChannelHandlerContext.bind(AbstractChannelHandlerContext.java:579)
	at io.netty.channel.DefaultChannelPipeline.bind(DefaultChannelPipeline.java:973)
	at io.netty.channel.AbstractChannel.bind(AbstractChannel.java:260)
	at io.netty.bootstrap.AbstractBootstrap$2.run(AbstractBootstrap.java:356)
	at io.netty.util.concurrent.AbstractEventExecutor.runTask(AbstractEventExecutor.java:174)
	at io.netty.util.concurrent.AbstractEventExecutor.safeExecute(AbstractEventExecutor.java:167)
	at io.netty.util.concurrent.SingleThreadEventExecutor.runAllTasks(SingleThreadEventExecutor.java:470)
	at io.netty.channel.nio.NioEventLoop.run(NioEventLoop.java:569)
	at io.netty.util.concurrent.SingleThreadEventExecutor$4.run(SingleThreadEventExecutor.java:997)
	at io.netty.util.internal.ThreadExecutorMap$2.run(ThreadExecutorMap.java:74)
	at io.netty.util.concurrent.FastThreadLocalRunnable.run(FastThreadLocalRunnable.java:30)
	at java.lang.Thread.run(Thread.java:750)
2024-06-06 13:48:52.308 [ background-preinit ] - [ INFO  ] [ org.hibernate.validator.internal.util.Version : 21 ] - HV000001: Hibernate Validator 6.2.5.Final
2024-06-06 13:48:52.315 [ main ] - [ INFO  ] [ com.lfj.blog.WebBasicApplication : 55 ] - Starting WebBasicApplication using Java 1.8.0_333 on Vicissitudes with PID 29068 (C:\Users\16658\Documents\GitHub\blog-back-end\blog-springboot2\blog\target\classes started by 16658 in C:\Users\16658\Documents\GitHub\blog-back-end\blog-springboot2\blog)
2024-06-06 13:48:52.315 [ main ] - [ INFO  ] [ com.lfj.blog.WebBasicApplication : 637 ] - The following 1 profile is active: "prod"
2024-06-06 13:48:53.649 [ main ] - [ INFO  ] [ o.s.d.r.config.RepositoryConfigurationDelegate : 262 ] - Multiple Spring Data modules found, entering strict repository configuration mode
2024-06-06 13:48:53.651 [ main ] - [ INFO  ] [ o.s.d.r.config.RepositoryConfigurationDelegate : 132 ] - Bootstrapping Spring Data Redis repositories in DEFAULT mode.
2024-06-06 13:48:53.697 [ main ] - [ INFO  ] [ o.s.d.r.config.RepositoryConfigurationDelegate : 201 ] - Finished Spring Data repository scanning in 33 ms. Found 0 Redis repository interfaces.
2024-06-06 13:48:53.997 [ main ] - [ INFO  ] [ c.u.j.c.EnableEncryptablePropertiesBeanFactoryPostProcessor : 50 ] - Post-processing PropertySource instances
2024-06-06 13:48:54.088 [ main ] - [ INFO  ] [ c.u.j.EncryptablePropertySourceConverter : 38 ] - Converting PropertySource configurationProperties [org.springframework.boot.context.properties.source.ConfigurationPropertySourcesPropertySource] to AOP Proxy
2024-06-06 13:48:54.089 [ main ] - [ INFO  ] [ c.u.j.EncryptablePropertySourceConverter : 38 ] - Converting PropertySource servletConfigInitParams [org.springframework.core.env.PropertySource$StubPropertySource] to EncryptablePropertySourceWrapper
2024-06-06 13:48:54.090 [ main ] - [ INFO  ] [ c.u.j.EncryptablePropertySourceConverter : 38 ] - Converting PropertySource servletContextInitParams [org.springframework.core.env.PropertySource$StubPropertySource] to EncryptablePropertySourceWrapper
2024-06-06 13:48:54.090 [ main ] - [ INFO  ] [ c.u.j.EncryptablePropertySourceConverter : 38 ] - Converting PropertySource systemProperties [org.springframework.core.env.PropertiesPropertySource] to EncryptableMapPropertySourceWrapper
2024-06-06 13:48:54.091 [ main ] - [ INFO  ] [ c.u.j.EncryptablePropertySourceConverter : 38 ] - Converting PropertySource systemEnvironment [org.springframework.boot.env.SystemEnvironmentPropertySourceEnvironmentPostProcessor$OriginAwareSystemEnvironmentPropertySource] to EncryptableMapPropertySourceWrapper
2024-06-06 13:48:54.091 [ main ] - [ INFO  ] [ c.u.j.EncryptablePropertySourceConverter : 38 ] - Converting PropertySource random [org.springframework.boot.env.RandomValuePropertySource] to EncryptablePropertySourceWrapper
2024-06-06 13:48:54.091 [ main ] - [ INFO  ] [ c.u.j.EncryptablePropertySourceConverter : 38 ] - Converting PropertySource Config resource 'class path resource [application-prod.yml]' via location 'optional:classpath:/' [org.springframework.boot.env.OriginTrackedMapPropertySource] to EncryptableMapPropertySourceWrapper
2024-06-06 13:48:54.091 [ main ] - [ INFO  ] [ c.u.j.EncryptablePropertySourceConverter : 38 ] - Converting PropertySource Config resource 'class path resource [application.yml]' via location 'optional:classpath:/' [org.springframework.boot.env.OriginTrackedMapPropertySource] to EncryptableMapPropertySourceWrapper
2024-06-06 13:48:54.154 [ main ] - [ INFO  ] [ c.u.j.filter.DefaultLazyPropertyFilter : 31 ] - Property Filter custom Bean not found with name 'encryptablePropertyFilter'. Initializing Default Property Filter
2024-06-06 13:48:54.360 [ main ] - [ INFO  ] [ c.u.j.resolver.DefaultLazyPropertyResolver : 31 ] - Property Resolver custom Bean not found with name 'encryptablePropertyResolver'. Initializing Default Property Resolver
2024-06-06 13:48:54.361 [ main ] - [ INFO  ] [ c.u.j.detector.DefaultLazyPropertyDetector : 30 ] - Property Detector custom Bean not found with name 'encryptablePropertyDetector'. Initializing Default Property Detector
2024-06-06 13:48:54.364 [ main ] - [ INFO  ] [ o.s.c.s.PostProcessorRegistrationDelegate$BeanPostProcessorChecker : 376 ] - Bean 'socketIoProperties' of type [com.lfj.blog.common.chatSocketio.config.SocketIoProperties] is not eligible for getting processed by all BeanPostProcessors (for example: not eligible for auto-proxying)
2024-06-06 13:48:54.366 [ main ] - [ INFO  ] [ o.s.c.s.PostProcessorRegistrationDelegate$BeanPostProcessorChecker : 376 ] - Bean 'socketIoConfig' of type [com.lfj.blog.common.chatSocketio.config.SocketIoConfig$$EnhancerBySpringCGLIB$$40744559] is not eligible for getting processed by all BeanPostProcessors (for example: not eligible for auto-proxying)
2024-06-06 13:48:54.418 [ main ] - [ INFO  ] [ o.s.c.s.PostProcessorRegistrationDelegate$BeanPostProcessorChecker : 376 ] - Bean 'socketIOServer' of type [com.corundumstudio.socketio.SocketIOServer] is not eligible for getting processed by all BeanPostProcessors (for example: not eligible for auto-proxying)
2024-06-06 13:48:54.758 [ main ] - [ INFO  ] [ o.s.boot.web.embedded.tomcat.TomcatWebServer : 108 ] - Tomcat initialized with port(s): 9090 (http)
2024-06-06 13:48:54.767 [ main ] - [ INFO  ] [ org.apache.coyote.http11.Http11NioProtocol : 173 ] - Initializing ProtocolHandler ["http-nio-9090"]
2024-06-06 13:48:54.769 [ main ] - [ INFO  ] [ org.apache.catalina.core.StandardService : 173 ] - Starting service [Tomcat]
2024-06-06 13:48:54.769 [ main ] - [ INFO  ] [ org.apache.catalina.core.StandardEngine : 173 ] - Starting Servlet engine: [Apache Tomcat/9.0.69]
2024-06-06 13:48:54.962 [ main ] - [ INFO  ] [ o.a.c.core.ContainerBase.[Tomcat].[localhost].[/] : 173 ] - Initializing Spring embedded WebApplicationContext
2024-06-06 13:48:54.963 [ main ] - [ INFO  ] [ o.s.b.w.s.c.ServletWebServerApplicationContext : 292 ] - Root WebApplicationContext: initialization completed in 2610 ms
2024-06-06 13:48:55.062 [ main ] - [ INFO  ] [ c.u.j.encryptor.DefaultLazyEncryptor : 32 ] - String Encryptor custom Bean not found with name 'jasyptStringEncryptor'. Initializing Default String Encryptor
2024-06-06 13:48:55.067 [ main ] - [ INFO  ] [ c.u.j.encryptor.DefaultLazyEncryptor : 58 ] - Encryptor config not found for property jasypt.encryptor.keyObtentionIterations, using default value: 1000
2024-06-06 13:48:55.068 [ main ] - [ INFO  ] [ c.u.j.encryptor.DefaultLazyEncryptor : 58 ] - Encryptor config not found for property jasypt.encryptor.providerName, using default value: null
2024-06-06 13:48:55.068 [ main ] - [ INFO  ] [ c.u.j.encryptor.DefaultLazyEncryptor : 58 ] - Encryptor config not found for property jasypt.encryptor.providerClassName, using default value: null
2024-06-06 13:48:55.068 [ main ] - [ INFO  ] [ c.u.j.encryptor.DefaultLazyEncryptor : 58 ] - Encryptor config not found for property jasypt.encryptor.saltGeneratorClassname, using default value: org.jasypt.salt.RandomSaltGenerator
2024-06-06 13:48:55.070 [ main ] - [ INFO  ] [ c.u.j.encryptor.DefaultLazyEncryptor : 58 ] - Encryptor config not found for property jasypt.encryptor.stringOutputType, using default value: base64
2024-06-06 13:48:55.599 [ main ] - [ INFO  ] [ org.redisson.Version : 41 ] - Redisson 3.17.0
2024-06-06 13:48:56.584 [ redisson-netty-2-11 ] - [ INFO  ] [ o.r.connection.pool.MasterPubSubConnectionPool : 161 ] - 1 connections initialized for 101.37.165.220/101.37.165.220:6379
2024-06-06 13:48:56.713 [ redisson-netty-2-19 ] - [ INFO  ] [ org.redisson.connection.pool.MasterConnectionPool : 161 ] - 24 connections initialized for 101.37.165.220/101.37.165.220:6379
2024-06-06 13:48:57.887 [ main ] - [ INFO  ] [ c.c.socketio.annotation.SpringAnnotationScanner : 58 ] - chatMessageEventHandler bean listeners added
2024-06-06 13:48:58.129 [ main ] - [ INFO  ] [ c.lfj.blog.common.limiter.aspect.RateLimiterAspect : 79 ] - RateLimterAspect[分布式限流处理器]脚本加载完成
2024-06-06 13:48:58.215 [ main ] - [ WARN  ] [ org.thymeleaf.templatemode.TemplateMode : 150 ] - [THYMELEAF][main] Template Mode 'HTML5' is deprecated. Using Template Mode 'HTML' instead.
2024-06-06 13:48:59.373 [ main ] - [ INFO  ] [ o.s.b.actuate.endpoint.web.EndpointLinksResolver : 58 ] - Exposing 1 endpoint(s) beneath base path '/actuator'
2024-06-06 13:48:59.553 [ main ] - [ WARN  ] [ o.s.s.config.annotation.web.builders.WebSecurity : 305 ] - You are asking Spring Security to ignore Ant [pattern='/*.html', GET]. This is not recommended -- please use permitAll via HttpSecurity#authorizeHttpRequests instead.
2024-06-06 13:48:59.554 [ main ] - [ INFO  ] [ o.s.security.web.DefaultSecurityFilterChain : 52 ] - Will not secure Ant [pattern='/*.html', GET]
2024-06-06 13:48:59.555 [ main ] - [ WARN  ] [ o.s.s.config.annotation.web.builders.WebSecurity : 305 ] - You are asking Spring Security to ignore Ant [pattern='/favicon.ico', GET]. This is not recommended -- please use permitAll via HttpSecurity#authorizeHttpRequests instead.
2024-06-06 13:48:59.555 [ main ] - [ INFO  ] [ o.s.security.web.DefaultSecurityFilterChain : 52 ] - Will not secure Ant [pattern='/favicon.ico', GET]
2024-06-06 13:48:59.555 [ main ] - [ WARN  ] [ o.s.s.config.annotation.web.builders.WebSecurity : 305 ] - You are asking Spring Security to ignore Ant [pattern='/**/*.html', GET]. This is not recommended -- please use permitAll via HttpSecurity#authorizeHttpRequests instead.
2024-06-06 13:48:59.555 [ main ] - [ INFO  ] [ o.s.security.web.DefaultSecurityFilterChain : 52 ] - Will not secure Ant [pattern='/**/*.html', GET]
2024-06-06 13:48:59.555 [ main ] - [ WARN  ] [ o.s.s.config.annotation.web.builders.WebSecurity : 305 ] - You are asking Spring Security to ignore Ant [pattern='/**/*.css', GET]. This is not recommended -- please use permitAll via HttpSecurity#authorizeHttpRequests instead.
2024-06-06 13:48:59.555 [ main ] - [ INFO  ] [ o.s.security.web.DefaultSecurityFilterChain : 52 ] - Will not secure Ant [pattern='/**/*.css', GET]
2024-06-06 13:48:59.555 [ main ] - [ WARN  ] [ o.s.s.config.annotation.web.builders.WebSecurity : 305 ] - You are asking Spring Security to ignore Ant [pattern='/**/*.js', GET]. This is not recommended -- please use permitAll via HttpSecurity#authorizeHttpRequests instead.
2024-06-06 13:48:59.557 [ main ] - [ INFO  ] [ o.s.security.web.DefaultSecurityFilterChain : 52 ] - Will not secure Ant [pattern='/**/*.js', GET]
2024-06-06 13:48:59.640 [ main ] - [ INFO  ] [ o.s.security.web.DefaultSecurityFilterChain : 55 ] - Will secure any request with [org.springframework.security.web.session.DisableEncodeUrlFilter@729a9c3d, org.springframework.security.web.context.request.async.WebAsyncManagerIntegrationFilter@574327ed, org.springframework.security.web.context.SecurityContextPersistenceFilter@116b0b32, org.springframework.security.web.header.HeaderWriterFilter@2078bf0a, org.springframework.web.filter.CorsFilter@4c7f2fdb, org.springframework.security.web.authentication.logout.LogoutFilter@63ad5fe7, com.lfj.blog.common.security.filter.AuthorizationTokenFilter@646e6d07, org.springframework.security.web.savedrequest.RequestCacheAwareFilter@10b3ea72, org.springframework.security.web.servletapi.SecurityContextHolderAwareRequestFilter@4cb773c5, org.springframework.security.web.authentication.AnonymousAuthenticationFilter@1b5cf611, org.springframework.security.web.session.SessionManagementFilter@94aeba1, org.springframework.security.web.access.ExceptionTranslationFilter@1d40f597, org.springframework.security.web.access.intercept.FilterSecurityInterceptor@f9cd1e6]
2024-06-06 13:49:00.295 [ main ] - [ INFO  ] [ org.apache.coyote.http11.Http11NioProtocol : 173 ] - Starting ProtocolHandler ["http-nio-9090"]
2024-06-06 13:49:00.303 [ main ] - [ INFO  ] [ o.s.boot.web.embedded.tomcat.TomcatWebServer : 220 ] - Tomcat started on port(s): 9090 (http) with context path ''
2024-06-06 13:49:00.319 [ main ] - [ INFO  ] [ com.lfj.blog.WebBasicApplication : 61 ] - Started WebBasicApplication in 8.592 seconds (JVM running for 9.553)
2024-06-06 13:49:00.325 [ main ] - [ INFO  ] [ com.corundumstudio.socketio.SocketIOServer : 146 ] - Session store / pubsub factory used: MemoryStoreFactory (local session store only)
2024-06-06 13:49:00.474 [ main ] - [ INFO  ] [ c.l.blog.common.chatSocketio.SocketIoServerRunner : 53 ] - socketIO启动成功
2024-06-06 13:49:00.474 [ nioEventLoopGroup-7-1 ] - [ INFO  ] [ com.corundumstudio.socketio.SocketIOServer : 171 ] - SocketIO server started at port: 9074
2024-06-06 13:49:00.745 [ RMI TCP Connection(1)-10.1.166.162 ] - [ INFO  ] [ o.a.c.core.ContainerBase.[Tomcat].[localhost].[/] : 173 ] - Initializing Spring DispatcherServlet 'dispatcherServlet'
2024-06-06 13:49:00.746 [ RMI TCP Connection(1)-10.1.166.162 ] - [ INFO  ] [ org.springframework.web.servlet.DispatcherServlet : 525 ] - Initializing Servlet 'dispatcherServlet'
2024-06-06 13:49:00.748 [ RMI TCP Connection(1)-10.1.166.162 ] - [ INFO  ] [ org.springframework.web.servlet.DispatcherServlet : 547 ] - Completed initialization in 1 ms
2024-06-06 13:49:01.315 [ RMI TCP Connection(4)-10.1.166.162 ] - [ INFO  ] [ com.zaxxer.hikari.HikariDataSource : 110 ] - HikariPool-1 - Starting...
2024-06-06 13:49:02.361 [ RMI TCP Connection(4)-10.1.166.162 ] - [ INFO  ] [ com.zaxxer.hikari.HikariDataSource : 123 ] - HikariPool-1 - Start completed.
2024-06-06 18:27:53.743 [ SpringApplicationShutdownHook ] - [ INFO  ] [ com.zaxxer.hikari.HikariDataSource : 350 ] - HikariPool-1 - Shutdown initiated...
2024-06-06 18:27:53.774 [ SpringApplicationShutdownHook ] - [ INFO  ] [ com.zaxxer.hikari.HikariDataSource : 352 ] - HikariPool-1 - Shutdown completed.
